Archive member included to satisfy reference by file (symbol)

C:/ST/STM32CubeCLT_1.18.0/GNU-tools-for-STM32/bin/../lib/gcc/arm-none-eabi/13.3.1/../../../../arm-none-eabi/lib/thumb/v7e-m+fp/hard\libc_nano.a(libc_a-exit.o)
                              C:/ST/STM32CubeCLT_1.18.0/GNU-tools-for-STM32/bin/../lib/gcc/arm-none-eabi/13.3.1/../../../../arm-none-eabi/lib/thumb/v7e-m+fp/hard/crt0.o (exit)
C:/ST/STM32CubeCLT_1.18.0/GNU-tools-for-STM32/bin/../lib/gcc/arm-none-eabi/13.3.1/../../../../arm-none-eabi/lib/thumb/v7e-m+fp/hard\libc_nano.a(libc_a-findfp.o)
                              C:/ST/STM32CubeCLT_1.18.0/GNU-tools-for-STM32/bin/../lib/gcc/arm-none-eabi/13.3.1/../../../../arm-none-eabi/lib/thumb/v7e-m+fp/hard\libc_nano.a(libc_a-exit.o) (__stdio_exit_handler)
C:/ST/STM32CubeCLT_1.18.0/GNU-tools-for-STM32/bin/../lib/gcc/arm-none-eabi/13.3.1/../../../../arm-none-eabi/lib/thumb/v7e-m+fp/hard\libc_nano.a(libc_a-fwalk.o)
                              C:/ST/STM32CubeCLT_1.18.0/GNU-tools-for-STM32/bin/../lib/gcc/arm-none-eabi/13.3.1/../../../../arm-none-eabi/lib/thumb/v7e-m+fp/hard\libc_nano.a(libc_a-findfp.o) (_fwalk_sglue)
C:/ST/STM32CubeCLT_1.18.0/GNU-tools-for-STM32/bin/../lib/gcc/arm-none-eabi/13.3.1/../../../../arm-none-eabi/lib/thumb/v7e-m+fp/hard\libc_nano.a(libc_a-stdio.o)
                              C:/ST/STM32CubeCLT_1.18.0/GNU-tools-for-STM32/bin/../lib/gcc/arm-none-eabi/13.3.1/../../../../arm-none-eabi/lib/thumb/v7e-m+fp/hard\libc_nano.a(libc_a-findfp.o) (__sread)
C:/ST/STM32CubeCLT_1.18.0/GNU-tools-for-STM32/bin/../lib/gcc/arm-none-eabi/13.3.1/../../../../arm-none-eabi/lib/thumb/v7e-m+fp/hard\libc_nano.a(libc_a-memset.o)
                              C:/ST/STM32CubeCLT_1.18.0/GNU-tools-for-STM32/bin/../lib/gcc/arm-none-eabi/13.3.1/../../../../arm-none-eabi/lib/thumb/v7e-m+fp/hard/crt0.o (memset)
C:/ST/STM32CubeCLT_1.18.0/GNU-tools-for-STM32/bin/../lib/gcc/arm-none-eabi/13.3.1/../../../../arm-none-eabi/lib/thumb/v7e-m+fp/hard\libc_nano.a(libc_a-closer.o)
                              C:/ST/STM32CubeCLT_1.18.0/GNU-tools-for-STM32/bin/../lib/gcc/arm-none-eabi/13.3.1/../../../../arm-none-eabi/lib/thumb/v7e-m+fp/hard\libc_nano.a(libc_a-stdio.o) (_close_r)
C:/ST/STM32CubeCLT_1.18.0/GNU-tools-for-STM32/bin/../lib/gcc/arm-none-eabi/13.3.1/../../../../arm-none-eabi/lib/thumb/v7e-m+fp/hard\libc_nano.a(libc_a-reent.o)
                              C:/ST/STM32CubeCLT_1.18.0/GNU-tools-for-STM32/bin/../lib/gcc/arm-none-eabi/13.3.1/../../../../arm-none-eabi/lib/thumb/v7e-m+fp/hard\libc_nano.a(libc_a-closer.o) (errno)
C:/ST/STM32CubeCLT_1.18.0/GNU-tools-for-STM32/bin/../lib/gcc/arm-none-eabi/13.3.1/../../../../arm-none-eabi/lib/thumb/v7e-m+fp/hard\libc_nano.a(libc_a-impure.o)
                              C:/ST/STM32CubeCLT_1.18.0/GNU-tools-for-STM32/bin/../lib/gcc/arm-none-eabi/13.3.1/../../../../arm-none-eabi/lib/thumb/v7e-m+fp/hard\libc_nano.a(libc_a-reent.o) (_impure_ptr)
C:/ST/STM32CubeCLT_1.18.0/GNU-tools-for-STM32/bin/../lib/gcc/arm-none-eabi/13.3.1/../../../../arm-none-eabi/lib/thumb/v7e-m+fp/hard\libc_nano.a(libc_a-lseekr.o)
                              C:/ST/STM32CubeCLT_1.18.0/GNU-tools-for-STM32/bin/../lib/gcc/arm-none-eabi/13.3.1/../../../../arm-none-eabi/lib/thumb/v7e-m+fp/hard\libc_nano.a(libc_a-stdio.o) (_lseek_r)
C:/ST/STM32CubeCLT_1.18.0/GNU-tools-for-STM32/bin/../lib/gcc/arm-none-eabi/13.3.1/../../../../arm-none-eabi/lib/thumb/v7e-m+fp/hard\libc_nano.a(libc_a-readr.o)
                              C:/ST/STM32CubeCLT_1.18.0/GNU-tools-for-STM32/bin/../lib/gcc/arm-none-eabi/13.3.1/../../../../arm-none-eabi/lib/thumb/v7e-m+fp/hard\libc_nano.a(libc_a-stdio.o) (_read_r)
C:/ST/STM32CubeCLT_1.18.0/GNU-tools-for-STM32/bin/../lib/gcc/arm-none-eabi/13.3.1/../../../../arm-none-eabi/lib/thumb/v7e-m+fp/hard\libc_nano.a(libc_a-writer.o)
                              C:/ST/STM32CubeCLT_1.18.0/GNU-tools-for-STM32/bin/../lib/gcc/arm-none-eabi/13.3.1/../../../../arm-none-eabi/lib/thumb/v7e-m+fp/hard\libc_nano.a(libc_a-stdio.o) (_write_r)
C:/ST/STM32CubeCLT_1.18.0/GNU-tools-for-STM32/bin/../lib/gcc/arm-none-eabi/13.3.1/../../../../arm-none-eabi/lib/thumb/v7e-m+fp/hard\libc_nano.a(libc_a-init.o)
                              C:/ST/STM32CubeCLT_1.18.0/GNU-tools-for-STM32/bin/../lib/gcc/arm-none-eabi/13.3.1/../../../../arm-none-eabi/lib/thumb/v7e-m+fp/hard/crt0.o (__libc_init_array)
C:/ST/STM32CubeCLT_1.18.0/GNU-tools-for-STM32/bin/../lib/gcc/arm-none-eabi/13.3.1/../../../../arm-none-eabi/lib/thumb/v7e-m+fp/hard\libc_nano.a(libc_a-lock.o)
                              C:/ST/STM32CubeCLT_1.18.0/GNU-tools-for-STM32/bin/../lib/gcc/arm-none-eabi/13.3.1/../../../../arm-none-eabi/lib/thumb/v7e-m+fp/hard\libc_nano.a(libc_a-findfp.o) (__retarget_lock_init_recursive)
C:/ST/STM32CubeCLT_1.18.0/GNU-tools-for-STM32/bin/../lib/gcc/arm-none-eabi/13.3.1/../../../../arm-none-eabi/lib/thumb/v7e-m+fp/hard\libc_nano.a(libc_a-freer.o)
[...]
Memory Configuration

Name             Origin             Length             Attributes
RAM              0x20000000         0x00018000         xrw
RAM2             0x10000000         0x00008000         xrw
FLASH            0x08000000         0x00100000         xr
*default*        0x00000000         0xffffffff

Linker script and memory map

LOAD C:/ST/STM32CubeCLT_1.18.0/GNU-tools-for-STM32/bin/../lib/gcc/arm-none-eabi/13.3.1/thumb/v7e-m+fp/hard/crti.o
LOAD C:/ST/STM32CubeCLT_1.18.0/GNU-tools-for-STM32/bin/../lib/gcc/arm-none-eabi/13.3.1/thumb/v7e-m+fp/hard/crtbegin.o
LOAD C:/ST/STM32CubeCLT_1.18.0/GNU-tools-for-STM32/bin/../lib/gcc/arm-none-eabi/13.3.1/../../../../arm-none-eabi/lib/thumb/v7e-m+fp/hard/crt0.o
START GROUP
LOAD C:/ST/STM32CubeCLT_1.18.0/GNU-tools-for-STM32/bin/../lib/gcc/arm-none-eabi/13.3.1/../../../../arm-none-eabi/lib/thumb/v7e-m+fp/hard\libc_nano.a
LOAD C:/ST/STM32CubeCLT_1.18.0/GNU-tools-for-STM32/bin/../lib/gcc/arm-none-eabi/13.3.1/../../../../arm-none-eabi/lib/thumb/v7e-m+fp/hard\libm.a
END GROUP
LOAD CMakeFiles/Parking-Sensors.dir/Core/App/Src/main.c.obj
LOAD CMakeFiles/Parking-Sensors.dir/Core/Peripherals/Gpio/Src/gpio.c.obj
LOAD CMakeFiles/Parking-Sensors.dir/Core/Peripherals/I2c/Src/i2c.c.obj
LOAD CMakeFiles/Parking-Sensors.dir/Core/Peripherals/SystemClock/Src/systemclock.c.obj
LOAD CMakeFiles/Parking-Sensors.dir/Core/Peripherals/Timer/Src/timer.c.obj
LOAD CMakeFiles/Parking-Sensors.dir/Core/Peripherals/Uart/Src/uart.c.obj
LOAD CMakeFiles/Parking-Sensors.dir/Core/Ssd1306/Src/ssd1306.c.obj
LOAD CMakeFiles/Parking-Sensors.dir/Core/Ssd1306/Src/ssd1306_fonts.c.obj
LOAD CMakeFiles/Parking-Sensors.dir/Core/Ssd1306/Src/ssd1306_tests.c.obj
LOAD CMakeFiles/Parking-Sensors.dir/Core/Hcsr04/Src/hcsr04.c.obj
LOAD CMakeFiles/Parking-Sensors.dir/Core/Buzzer/Src/buzzer.c.obj
LOAD CMakeFiles/Parking-Sensors.dir/Core/App/Src/stm32l4xx_it.c.obj
LOAD CMakeFiles/Parking-Sensors.dir/Core/App/Src/stm32l4xx_hal_msp.c.obj
LOAD CMakeFiles/Parking-Sensors.dir/Drivers/STM32L4xx_HAL_Driver/Src/stm32l4xx_hal_tim.c.obj
LOAD CMakeFiles/Parking-Sensors.dir/Drivers/STM32L4xx_HAL_Driver/Src/stm32l4xx_hal_tim_ex.c.obj
LOAD CMakeFiles/Parking-Sensors.dir/Drivers/STM32L4xx_HAL_Driver/Src/stm32l4xx_hal_uart.c.obj
LOAD CMakeFiles/Parking-Sensors.dir/Drivers/STM32L4xx_HAL_Driver/Src/stm32l4xx_hal_uart_ex.c.obj
LOAD CMakeFiles/Parking-Sensors.dir/Drivers/STM32L4xx_HAL_Driver/Src/stm32l4xx_hal.c.obj
LOAD CMakeFiles/Parking-Sensors.dir/Drivers/STM32L4xx_HAL_Driver/Src/stm32l4xx_hal_rcc.c.obj
LOAD CMakeFiles/Parking-Sensors.dir/Drivers/STM32L4xx_HAL_Driver/Src/stm32l4xx_hal_rcc_ex.c.obj
LOAD CMakeFiles/Parking-Sensors.dir/Drivers/STM32L4xx_HAL_Driver/Src/stm32l4xx_hal_flash.c.obj
LOAD CMakeFiles/Parking-Sensors.dir/Drivers/STM32L4xx_HAL_Driver/Src/stm32l4xx_hal_flash_ex.c.obj
LOAD CMakeFiles/Parking-Sensors.dir/Drivers/STM32L4xx_HAL_Driver/Src/stm32l4xx_hal_flash_ramfunc.c.obj
LOAD CMakeFiles/Parking-Sensors.dir/Drivers/STM32L4xx_HAL_Driver/Src/stm32l4xx_hal_gpio.c.obj
LOAD CMakeFiles/Parking-Sensors.dir/Drivers/STM32L4xx_HAL_Driver/Src/stm32l4xx_hal_i2c.c.obj
LOAD CMakeFiles/Parking-Sensors.dir/Drivers/STM32L4xx_HAL_Driver/Src/stm32l4xx_hal_i2c_ex.c.obj
LOAD CMakeFiles/Parking-Sensors.dir/Drivers/STM32L4xx_HAL_Driver/Src/stm32l4xx_hal_dma.c.obj
LOAD CMakeFiles/Parking-Sensors.dir/Drivers/STM32L4xx_HAL_Driver/Src/stm32l4xx_hal_dma_ex.c.obj
LOAD CMakeFiles/Parking-Sensors.dir/Drivers/STM32L4xx_HAL_Driver/Src/stm32l4xx_hal_pwr.c.obj
LOAD CMakeFiles/Parking-Sensors.dir/Drivers/STM32L4xx_HAL_Driver/Src/stm32l4xx_hal_pwr_ex.c.obj
LOAD CMakeFiles/Parking-Sensors.dir/Drivers/STM32L4xx_HAL_Driver/Src/stm32l4xx_hal_cortex.c.obj
LOAD CMakeFiles/Parking-Sensors.dir/Drivers/STM32L4xx_HAL_Driver/Src/stm32l4xx_hal_exti.c.obj
LOAD CMakeFiles/Parking-Sensors.dir/Core/App/Src/system_stm32l4xx.c.obj
LOAD CMakeFiles/Parking-Sensors.dir/Core/App/Src/sysmem.c.obj
LOAD CMakeFiles/Parking-Sensors.dir/Core/App/Src/syscalls.c.obj
LOAD CMakeFiles/Parking-Sensors.dir/Core/Startup/startup_stm32l476xx.s.obj
START GROUP
LOAD C:/ST/STM32CubeCLT_1.18.0/GNU-tools-for-STM32/bin/../lib/gcc/arm-none-eabi/13.3.1/thumb/v7e-m+fp/hard\libgcc.a
LOAD C:/ST/STM32CubeCLT_1.18.0/GNU-tools-for-STM32/bin/../lib/gcc/arm-none-eabi/13.3.1/../../../../arm-none-eabi/lib/thumb/v7e-m+fp/hard\libg_nano.a
LOAD C:/ST/STM32CubeCLT_1.18.0/GNU-tools-for-STM32/bin/../lib/gcc/arm-none-eabi/13.3.1/../../../../arm-none-eabi/lib/thumb/v7e-m+fp/hard\libc_nano.a
END GROUP
START GROUP
LOAD C:/ST/STM32CubeCLT_1.18.0/GNU-tools-for-STM32/bin/../lib/gcc/arm-none-eabi/13.3.1/thumb/v7e-m+fp/hard\libgcc.a
LOAD C:/ST/STM32CubeCLT_1.18.0/GNU-tools-for-STM32/bin/../lib/gcc/arm-none-eabi/13.3.1/../../../../arm-none-eabi/lib/thumb/v7e-m+fp/hard\libc_nano.a
END GROUP
LOAD C:/ST/STM32CubeCLT_1.18.0/GNU-tools-for-STM32/bin/../lib/gcc/arm-none-eabi/13.3.1/thumb/v7e-m+fp/hard/crtend.o
LOAD C:/ST/STM32CubeCLT_1.18.0/GNU-tools-for-STM32/bin/../lib/gcc/arm-none-eabi/13.3.1/thumb/v7e-m+fp/hard/crtn.o
                0x20018000                        _estack = (ORIGIN (RAM) + LENGTH (RAM))
                0x00000200                        _Min_Heap_Size = 0x200
                0x00000400                        _Min_Stack_Size = 0x400

.isr_vector     0x08000000      0x188
                0x08000000                        . = ALIGN (0x8)
 *(.isr_vector)
 .isr_vector    0x08000000      0x188 CMakeFiles/Parking-Sensors.dir/Core/Startup/startup_stm32l476xx.s.obj
                0x08000000                g_pfnVectors
                0x08000188                        . = ALIGN (0x8)

.text           0x08000190     0x65d0
                0x08000190                        . = ALIGN (0x8)
 *(.text)
 .text          0x08000190       0x40 C:/ST/STM32CubeCLT_1.18.0/GNU-tools-for-STM32/bin/../lib/gcc/arm-none-eabi/13.3.1/thumb/v7e-m+fp/hard/crtbegin.o
 .text          0x080001d0       0x30 C:/ST/STM32CubeCLT_1.18.0/GNU-tools-for-STM32/bin/../lib/gcc/arm-none-eabi/13.3.1/thumb/v7e-m+fp/hard\libgcc.a(_aeabi_uldivmod.o)
                0x080001d0                __aeabi_uldivmod
 .text          0x08000200      0x2f8 C:/ST/STM32CubeCLT_1.18.0/GNU-tools-for-STM32/bin/../lib/gcc/arm-none-eabi/13.3.1/thumb/v7e-m+fp/hard\libgcc.a(_udivmoddi4.o)
                0x08000200                __udivmoddi4
 .text          0x080004f8        0x4 C:/ST/STM32CubeCLT_1.18.0/GNU-tools-for-STM32/bin/../lib/gcc/arm-none-eabi/13.3.1/thumb/v7e-m+fp/hard\libgcc.a(_dvmd_tls.o)
                0x080004f8                __aeabi_idiv0
                0x080004f8                __aeabi_ldiv0
 .text          0x080004fc       0x10 C:/ST/STM32CubeCLT_1.18.0/GNU-tools-for-STM32/bin/../lib/gcc/arm-none-eabi/13.3.1/../../../../arm-none-eabi/lib/thumb/v7e-m+fp/hard\libg_nano.a(libc_a-strlen.o)
                0x080004fc                strlen
 *fill*         0x0800050c        0x4 
 .text          0x08000510       0xa0 C:/ST/STM32CubeCLT_1.18.0/GNU-tools-for-STM32/bin/../lib/gcc/arm-none-eabi/13.3.1/../../../../arm-none-eabi/lib/thumb/v7e-m+fp/hard\libg_nano.a(libc_a-memchr.o)
                0x08000510                memchr
 *(.text*)
 .text.memset   0x080005b0       0x10 C:/ST/STM32CubeCLT_1.18.0/GNU-tools-for-STM32/bin/../lib/gcc/arm-none-eabi/13.3.1/../../../../arm-none-eabi/lib/thumb/v7e-m+fp/hard\libc_nano.a(libc_a-memset.o)
                0x080005b0                memset
 .text.__libc_init_array
                0x080005c0       0x48 C:/ST/STM32CubeCLT_1.18.0/GNU-tools-for-STM32/bin/../lib/gcc/arm-none-eabi/13.3.1/../../../../arm-none-eabi/lib/thumb/v7e-m+fp/hard\libc_nano.a(libc_a-init.o)
                0x080005c0                __libc_init_array
 .text.__retarget_lock_acquire_recursive
                0x08000608        0x2 C:/ST/STM32CubeCLT_1.18.0/GNU-tools-for-STM32/bin/../lib/gcc/arm-none-eabi/13.3.1/../../../../arm-none-eabi/lib/thumb/v7e-m+fp/hard\libc_nano.a(libc_a-lock.o)
                0x08000608                __retarget_lock_acquire_recursive
 .text.__retarget_lock_release_recursive
                0x0800060a        0x2 C:/ST/STM32CubeCLT_1.18.0/GNU-tools-for-STM32/bin/../lib/gcc/arm-none-eabi/13.3.1/../../../../arm-none-eabi/lib/thumb/v7e-m+fp/hard\libc_nano.a(libc_a-lock.o)
                0x0800060a                __retarget_lock_release_recursive
 .text._free_r  0x0800060c       0x94 C:/ST/STM32CubeCLT_1.18.0/GNU-tools-for-STM32/bin/../lib/gcc/arm-none-eabi/13.3.1/../../../../arm-none-eabi/lib/thumb/v7e-m+fp/hard\libc_nano.a(libc_a-freer.o)
                0x0800060c                _free_r
 .text.sbrk_aligned
                0x080006a0       0x44 C:/ST/STM32CubeCLT_1.18.0/GNU-tools-for-STM32/bin/../lib/gcc/arm-none-eabi/13.3.1/../../../../arm-none-eabi/lib/thumb/v7e-m+fp/hard\libc_nano.a(libc_a-mallocr.o)
 .text._malloc_r
                0x080006e4      0x100 C:/ST/STM32CubeCLT_1.18.0/GNU-tools-for-STM32/bin/../lib/gcc/arm-none-eabi/13.3.1/../../../../arm-none-eabi/lib/thumb/v7e-m+fp/hard\libc_nano.a(libc_a-mallocr.o)
                0x080006e4                _malloc_r
 .text.__malloc_lock
                0x080007e4        0xc C:/ST/STM32CubeCLT_1.18.0/GNU-tools-for-STM32/bin/../lib/gcc/arm-none-eabi/13.3.1/../../../../arm-none-eabi/lib/thumb/v7e-m+fp/hard\libc_nano.a(libc_a-mlock.o)
                0x080007e4                __malloc_lock
 .text.__malloc_unlock
                0x080007f0        0xc C:/ST/STM32CubeCLT_1.18.0/GNU-tools-for-STM32/bin/../lib/gcc/arm-none-eabi/13.3.1/../../../../arm-none-eabi/lib/thumb/v7e-m+fp/hard\libc_nano.a(libc_a-mlock.o)
                0x080007f0                __malloc_unlock
 .text._sbrk_r  0x080007fc       0x20 C:/ST/STM32CubeCLT_1.18.0/GNU-tools-for-STM32/bin/../lib/gcc/arm-none-eabi/13.3.1/../../../../arm-none-eabi/lib/thumb/v7e-m+fp/hard\libc_nano.a(libc_a-sbrkr.o)
                0x080007fc                _sbrk_r
 .text.System_Init
                0x0800081c       0x58 CMakeFiles/Parking-Sensors.dir/Core/App/Src/main.c.obj
 .text.Show_Message
                0x08000874       0xa8 CMakeFiles/Parking-Sensors.dir/Core/App/Src/main.c.obj
 .text.Display_Update
                0x0800091c      0x164 CMakeFiles/Parking-Sensors.dir/Core/App/Src/main.c.obj
 .text.Buzzer_Start
                0x08000a80       0x90 CMakeFiles/Parking-Sensors.dir/Core/App/Src/main.c.obj
 .text.Buzzer_Stop
                0x08000b10       0x28 CMakeFiles/Parking-Sensors.dir/Core/App/Src/main.c.obj
 .text.Buzzer_Control
                0x08000b38      0x12c CMakeFiles/Parking-Sensors.dir/Core/App/Src/main.c.obj
 .text.Measure_Distance
                0x08000c64       0x80 CMakeFiles/Parking-Sensors.dir/Core/App/Src/main.c.obj
 .text.main     0x08000ce4       0x3c CMakeFiles/Parking-Sensors.dir/Core/App/Src/main.c.obj
                0x08000ce4                main
 .text.HAL_GPIO_EXTI_Callback
                0x08000d20       0x88 CMakeFiles/Parking-Sensors.dir/Core/App/Src/main.c.obj
                0x08000d20                HAL_GPIO_EXTI_Callback
 .text.Error_Handler
                0x08000da8        0xc CMakeFiles/Parking-Sensors.dir/Core/App/Src/main.c.obj
                0x08000da8                Error_Handler
 .text.MX_GPIO_Init
                0x08000db4       0xfc CMakeFiles/Parking-Sensors.dir/Core/Peripherals/Gpio/Src/gpio.c.obj
                0x08000db4                MX_GPIO_Init
 .text.MX_I2C2_Init
                0x08000eb0       0x80 CMakeFiles/Parking-Sensors.dir/Core/Peripherals/I2c/Src/i2c.c.obj
                0x08000eb0                MX_I2C2_Init
 .text.HAL_I2C_MspInit
                0x08000f30       0xbc CMakeFiles/Parking-Sensors.dir/Core/Peripherals/I2c/Src/i2c.c.obj
                0x08000f30                HAL_I2C_MspInit
 .text.SystemClock_Config
                0x08000fec       0x84 CMakeFiles/Parking-Sensors.dir/Core/Peripherals/SystemClock/Src/systemclock.c.obj
                0x08000fec                SystemClock_Config
 .text.MX_TIM2_Init
                0x08001070       0xa4 CMakeFiles/Parking-Sensors.dir/Core/Peripherals/Timer/Src/timer.c.obj
                0x08001070                MX_TIM2_Init
 .text.MX_TIM3_Init
                0x08001114       0x7c CMakeFiles/Parking-Sensors.dir/Core/Peripherals/Timer/Src/timer.c.obj
                0x08001114                MX_TIM3_Init
 .text.MX_TIM1_Init
                0x08001190       0xf4 CMakeFiles/Parking-Sensors.dir/Core/Peripherals/Timer/Src/timer.c.obj
                0x08001190                MX_TIM1_Init
 .text.HAL_TIM_MspPostInit
                0x08001284       0x70 CMakeFiles/Parking-Sensors.dir/Core/Peripherals/Timer/Src/timer.c.obj
                0x08001284                HAL_TIM_MspPostInit
 .text.MX_USART2_UART_Init
                0x080012f4       0x54 CMakeFiles/Parking-Sensors.dir/Core/Peripherals/Uart/Src/uart.c.obj
                0x080012f4                MX_USART2_UART_Init
 .text.ssd1306_Reset
                0x08001348        0xe CMakeFiles/Parking-Sensors.dir/Core/Ssd1306/Src/ssd1306.c.obj
                0x08001348                ssd1306_Reset
 *fill*         0x08001356        0x2 
 .text.ssd1306_WriteCommand
                0x08001358       0x30 CMakeFiles/Parking-Sensors.dir/Core/Ssd1306/Src/ssd1306.c.obj
                0x08001358                ssd1306_WriteCommand
 .text.ssd1306_WriteData
                0x08001388       0x34 CMakeFiles/Parking-Sensors.dir/Core/Ssd1306/Src/ssd1306.c.obj
                0x08001388                ssd1306_WriteData
 .text.ssd1306_Init
                0x080013bc       0xd8 CMakeFiles/Parking-Sensors.dir/Core/Ssd1306/Src/ssd1306.c.obj
                0x080013bc                ssd1306_Init
 .text.ssd1306_Fill
                0x08001494       0x30 CMakeFiles/Parking-Sensors.dir/Core/Ssd1306/Src/ssd1306.c.obj
                0x08001494                ssd1306_Fill
 .text.ssd1306_UpdateScreen
                0x080014c4       0x50 CMakeFiles/Parking-Sensors.dir/Core/Ssd1306/Src/ssd1306.c.obj
                0x080014c4                ssd1306_UpdateScreen
 .text.ssd1306_DrawPixel
                0x08001514       0xa8 CMakeFiles/Parking-Sensors.dir/Core/Ssd1306/Src/ssd1306.c.obj
                0x08001514                ssd1306_DrawPixel
 .text.ssd1306_WriteChar
                0x080015bc      0x120 CMakeFiles/Parking-Sensors.dir/Core/Ssd1306/Src/ssd1306.c.obj
                0x080015bc                ssd1306_WriteChar
 .text.ssd1306_WriteString
                0x080016dc       0x4c CMakeFiles/Parking-Sensors.dir/Core/Ssd1306/Src/ssd1306.c.obj
                0x080016dc                ssd1306_WriteString
 .text.ssd1306_SetCursor
                0x08001728       0x34 CMakeFiles/Parking-Sensors.dir/Core/Ssd1306/Src/ssd1306.c.obj
                0x08001728                ssd1306_SetCursor
 .text.ssd1306_SetContrast
                0x0800175c       0x26 CMakeFiles/Parking-Sensors.dir/Core/Ssd1306/Src/ssd1306.c.obj
                0x0800175c                ssd1306_SetContrast
 *fill*         0x08001782        0x2 
 .text.ssd1306_SetDisplayOn
                0x08001784       0x3c CMakeFiles/Parking-Sensors.dir/Core/Ssd1306/Src/ssd1306.c.obj
                0x08001784                ssd1306_SetDisplayOn
 .text.HCSR04_Init
                0x080017c0       0xa0 CMakeFiles/Parking-Sensors.dir/Core/Hcsr04/Src/hcsr04.c.obj
                0x080017c0                HCSR04_Init
 .text.HCSR04_measure_distance_cm
                0x08001860       0x90 CMakeFiles/Parking-Sensors.dir/Core/Hcsr04/Src/hcsr04.c.obj
                0x08001860                HCSR04_measure_distance_cm
 .text.delay_us
                0x080018f0       0x38 CMakeFiles/Parking-Sensors.dir/Core/Hcsr04/Src/hcsr04.c.obj
                0x080018f0                delay_us
 .text.HCSR04_Trigger
                0x08001928       0x38 CMakeFiles/Parking-Sensors.dir/Core/Hcsr04/Src/hcsr04.c.obj
                0x08001928                HCSR04_Trigger
 .text.EXTI0_IRQHandler
                0x08001960        0xe CMakeFiles/Parking-Sensors.dir/Core/App/Src/stm32l4xx_it.c.obj
                0x08001960                EXTI0_IRQHandler
 .text.NMI_Handler
                0x0800196e        0x8 CMakeFiles/Parking-Sensors.dir/Core/App/Src/stm32l4xx_it.c.obj
                0x0800196e                NMI_Handler
 .text.HardFault_Handler
                0x08001976        0x8 CMakeFiles/Parking-Sensors.dir/Core/App/Src/stm32l4xx_it.c.obj
                0x08001976                HardFault_Handler
 .text.MemManage_Handler
                0x0800197e        0x8 CMakeFiles/Parking-Sensors.dir/Core/App/Src/stm32l4xx_it.c.obj
                0x0800197e                MemManage_Handler
 .text.BusFault_Handler
                0x08001986        0x8 CMakeFiles/Parking-Sensors.dir/Core/App/Src/stm32l4xx_it.c.obj
                0x08001986                BusFault_Handler
 .text.UsageFault_Handler
                0x0800198e        0x8 CMakeFiles/Parking-Sensors.dir/Core/App/Src/stm32l4xx_it.c.obj
                0x0800198e                UsageFault_Handler
 .text.SVC_Handler
                0x08001996        0xe CMakeFiles/Parking-Sensors.dir/Core/App/Src/stm32l4xx_it.c.obj
                0x08001996                SVC_Handler
 .text.DebugMon_Handler
                0x080019a4        0xe CMakeFiles/Parking-Sensors.dir/Core/App/Src/stm32l4xx_it.c.obj
                0x080019a4                DebugMon_Handler
 .text.PendSV_Handler
                0x080019b2        0xe CMakeFiles/Parking-Sensors.dir/Core/App/Src/stm32l4xx_it.c.obj
                0x080019b2                PendSV_Handler
 .text.SysTick_Handler
                0x080019c0        0xc CMakeFiles/Parking-Sensors.dir/Core/App/Src/stm32l4xx_it.c.obj
                0x080019c0                SysTick_Handler
 .text.HAL_MspInit
                0x080019cc       0x48 CMakeFiles/Parking-Sensors.dir/Core/App/Src/stm32l4xx_hal_msp.c.obj
                0x080019cc                HAL_MspInit
 .text.HAL_UART_MspInit
                0x08001a14       0xb8 CMakeFiles/Parking-Sensors.dir/Core/App/Src/stm32l4xx_hal_msp.c.obj
                0x08001a14                HAL_UART_MspInit
 .text.HAL_TIM_Base_Init
                0x08001acc       0xae CMakeFiles/Parking-Sensors.dir/Drivers/STM32L4xx_HAL_Driver/Src/stm32l4xx_hal_tim.c.obj
                0x08001acc                HAL_TIM_Base_Init
 .text.HAL_TIM_Base_MspInit
                0x08001b7a       0x14 CMakeFiles/Parking-Sensors.dir/Drivers/STM32L4xx_HAL_Driver/Src/stm32l4xx_hal_tim.c.obj
                0x08001b7a                HAL_TIM_Base_MspInit
 *fill*         0x08001b8e        0x2 
 .text.HAL_TIM_Base_Start
                0x08001b90       0xd0 CMakeFiles/Parking-Sensors.dir/Drivers/STM32L4xx_HAL_Driver/Src/stm32l4xx_hal_tim.c.obj
                0x08001b90                HAL_TIM_Base_Start
 .text.HAL_TIM_Base_Stop
                0x08001c60       0x4e CMakeFiles/Parking-Sensors.dir/Drivers/STM32L4xx_HAL_Driver/Src/stm32l4xx_hal_tim.c.obj
                0x08001c60                HAL_TIM_Base_Stop
 .text.HAL_TIM_PWM_Init
                0x08001cae       0xae CMakeFiles/Parking-Sensors.dir/Drivers/STM32L4xx_HAL_Driver/Src/stm32l4xx_hal_tim.c.obj
                0x08001cae                HAL_TIM_PWM_Init
 .text.HAL_TIM_PWM_MspInit
                0x08001d5c       0x14 CMakeFiles/Parking-Sensors.dir/Drivers/STM32L4xx_HAL_Driver/Src/stm32l4xx_hal_tim.c.obj
                0x08001d5c                HAL_TIM_PWM_MspInit
 .text.HAL_TIM_PWM_Start
                0x08001d70      0x20c CMakeFiles/Parking-Sensors.dir/Drivers/STM32L4xx_HAL_Driver/Src/stm32l4xx_hal_tim.c.obj
                0x08001d70                HAL_TIM_PWM_Start
 .text.HAL_TIM_PWM_Stop
                0x08001f7c      0x12c CMakeFiles/Parking-Sensors.dir/Drivers/STM32L4xx_HAL_Driver/Src/stm32l4xx_hal_tim.c.obj
                0x08001f7c                HAL_TIM_PWM_Stop
 .text.HAL_TIM_PWM_ConfigChannel
                0x080020a8      0x228 CMakeFiles/Parking-Sensors.dir/Drivers/STM32L4xx_HAL_Driver/Src/stm32l4xx_hal_tim.c.obj
                0x080020a8                HAL_TIM_PWM_ConfigChannel
 .text.HAL_TIM_ConfigClockSource
                0x080022d0      0x192 CMakeFiles/Parking-Sensors.dir/Drivers/STM32L4xx_HAL_Driver/Src/stm32l4xx_hal_tim.c.obj
                0x080022d0                HAL_TIM_ConfigClockSource
 *fill*         0x08002462        0x2 
 .text.TIM_Base_SetConfig
                0x08002464      0x14c CMakeFiles/Parking-Sensors.dir/Drivers/STM32L4xx_HAL_Driver/Src/stm32l4xx_hal_tim.c.obj
                0x08002464                TIM_Base_SetConfig
 .text.TIM_OC1_SetConfig
                0x080025b0      0x120 CMakeFiles/Parking-Sensors.dir/Drivers/STM32L4xx_HAL_Driver/Src/stm32l4xx_hal_tim.c.obj
 .text.TIM_OC2_SetConfig
                0x080026d0      0x114 CMakeFiles/Parking-Sensors.dir/Drivers/STM32L4xx_HAL_Driver/Src/stm32l4xx_hal_tim.c.obj
                0x080026d0                TIM_OC2_SetConfig
 .text.TIM_OC3_SetConfig
                0x080027e4      0x110 CMakeFiles/Parking-Sensors.dir/Drivers/STM32L4xx_HAL_Driver/Src/stm32l4xx_hal_tim.c.obj
 .text.TIM_OC4_SetConfig
                0x080028f4       0xd4 CMakeFiles/Parking-Sensors.dir/Drivers/STM32L4xx_HAL_Driver/Src/stm32l4xx_hal_tim.c.obj
 .text.TIM_OC5_SetConfig
                0x080029c8       0xc8 CMakeFiles/Parking-Sensors.dir/Drivers/STM32L4xx_HAL_Driver/Src/stm32l4xx_hal_tim.c.obj
 .text.TIM_OC6_SetConfig
                0x08002a90       0xcc CMakeFiles/Parking-Sensors.dir/Drivers/STM32L4xx_HAL_Driver/Src/stm32l4xx_hal_tim.c.obj
 .text.TIM_TI1_ConfigInputStage
                0x08002b5c       0x5e CMakeFiles/Parking-Sensors.dir/Drivers/STM32L4xx_HAL_Driver/Src/stm32l4xx_hal_tim.c.obj
 .text.TIM_TI2_ConfigInputStage
                0x08002bba       0x60 CMakeFiles/Parking-Sensors.dir/Drivers/STM32L4xx_HAL_Driver/Src/stm32l4xx_hal_tim.c.obj
 .text.TIM_ITRx_SetConfig
                0x08002c1a       0x36 CMakeFiles/Parking-Sensors.dir/Drivers/STM32L4xx_HAL_Driver/Src/stm32l4xx_hal_tim.c.obj
 .text.TIM_ETR_SetConfig
                0x08002c50       0x40 CMakeFiles/Parking-Sensors.dir/Drivers/STM32L4xx_HAL_Driver/Src/stm32l4xx_hal_tim.c.obj
                0x08002c50                TIM_ETR_SetConfig
 .text.TIM_CCxChannelCmd
                0x08002c90       0x4a CMakeFiles/Parking-Sensors.dir/Drivers/STM32L4xx_HAL_Driver/Src/stm32l4xx_hal_tim.c.obj
                0x08002c90                TIM_CCxChannelCmd
 .text.HAL_UART_Init
                0x08002cda       0x9c CMakeFiles/Parking-Sensors.dir/Drivers/STM32L4xx_HAL_Driver/Src/stm32l4xx_hal_uart.c.obj
                0x08002cda                HAL_UART_Init
 .text.HAL_UART_Transmit
                0x08002d76      0x112 CMakeFiles/Parking-Sensors.dir/Drivers/STM32L4xx_HAL_Driver/Src/stm32l4xx_hal_uart.c.obj
                0x08002d76                HAL_UART_Transmit
 .text.UART_SetConfig
                0x08002e88      0x570 CMakeFiles/Parking-Sensors.dir/Drivers/STM32L4xx_HAL_Driver/Src/stm32l4xx_hal_uart.c.obj
                0x08002e88                UART_SetConfig
 .text.UART_AdvFeatureConfig
                0x080033f8      0x144 CMakeFiles/Parking-Sensors.dir/Drivers/STM32L4xx_HAL_Driver/Src/stm32l4xx_hal_uart.c.obj
                0x080033f8                UART_AdvFeatureConfig
 .text.UART_CheckIdleState
                0x0800353c      0x150 CMakeFiles/Parking-Sensors.dir/Drivers/STM32L4xx_HAL_Driver/Src/stm32l4xx_hal_uart.c.obj
                0x0800353c                UART_CheckIdleState
 .text.UART_WaitOnFlagUntilTimeout
                0x0800368c       0xda CMakeFiles/Parking-Sensors.dir/Drivers/STM32L4xx_HAL_Driver/Src/stm32l4xx_hal_uart.c.obj
                0x0800368c                UART_WaitOnFlagUntilTimeout
 .text.UART_EndRxTransfer
                0x08003766       0xc8 CMakeFiles/Parking-Sensors.dir/Drivers/STM32L4xx_HAL_Driver/Src/stm32l4xx_hal_uart.c.obj
 *fill*         0x0800382e        0x2 
 .text.HAL_Init
                0x08003830       0x40 CMakeFiles/Parking-Sensors.dir/Drivers/STM32L4xx_HAL_Driver/Src/stm32l4xx_hal.c.obj
                0x08003830                HAL_Init
 .text.HAL_InitTick
                0x08003870       0x78 CMakeFiles/Parking-Sensors.dir/Drivers/STM32L4xx_HAL_Driver/Src/stm32l4xx_hal.c.obj
                0x08003870                HAL_InitTick
 .text.HAL_IncTick
                0x080038e8       0x28 CMakeFiles/Parking-Sensors.dir/Drivers/STM32L4xx_HAL_Driver/Src/stm32l4xx_hal.c.obj
                0x080038e8                HAL_IncTick
 .text.HAL_GetTick
                0x08003910       0x18 CMakeFiles/Parking-Sensors.dir/Drivers/STM32L4xx_HAL_Driver/Src/stm32l4xx_hal.c.obj
                0x08003910                HAL_GetTick
 .text.HAL_Delay
                0x08003928       0x48 CMakeFiles/Parking-Sensors.dir/Drivers/STM32L4xx_HAL_Driver/Src/stm32l4xx_hal.c.obj
                0x08003928                HAL_Delay
 .text.HAL_RCC_OscConfig
                0x08003970      0x7b8 CMakeFiles/Parking-Sensors.dir/Drivers/STM32L4xx_HAL_Driver/Src/stm32l4xx_hal_rcc.c.obj
                0x08003970                HAL_RCC_OscConfig
 .text.HAL_RCC_ClockConfig
                0x08004128      0x200 CMakeFiles/Parking-Sensors.dir/Drivers/STM32L4xx_HAL_Driver/Src/stm32l4xx_hal_rcc.c.obj
                0x08004128                HAL_RCC_ClockConfig
 .text.HAL_RCC_GetSysClockFreq
                0x08004328      0x118 CMakeFiles/Parking-Sensors.dir/Drivers/STM32L4xx_HAL_Driver/Src/stm32l4xx_hal_rcc.c.obj
                0x08004328                HAL_RCC_GetSysClockFreq
 .text.HAL_RCC_GetHCLKFreq
                0x08004440       0x18 CMakeFiles/Parking-Sensors.dir/Drivers/STM32L4xx_HAL_Driver/Src/stm32l4xx_hal_rcc.c.obj
                0x08004440                HAL_RCC_GetHCLKFreq
 .text.HAL_RCC_GetPCLK1Freq
                0x08004458       0x2c CMakeFiles/Parking-Sensors.dir/Drivers/STM32L4xx_HAL_Driver/Src/stm32l4xx_hal_rcc.c.obj
                0x08004458                HAL_RCC_GetPCLK1Freq
 .text.HAL_RCC_GetPCLK2Freq
                0x08004484       0x2c CMakeFiles/Parking-Sensors.dir/Drivers/STM32L4xx_HAL_Driver/Src/stm32l4xx_hal_rcc.c.obj
                0x08004484                HAL_RCC_GetPCLK2Freq
 .text.RCC_SetFlashLatencyFromMSIRange
                0x080044b0       0xc0 CMakeFiles/Parking-Sensors.dir/Drivers/STM32L4xx_HAL_Driver/Src/stm32l4xx_hal_rcc.c.obj
 .text.HAL_RCCEx_PeriphCLKConfig
                0x08004570      0x5d4 CMakeFiles/Parking-Sensors.dir/Drivers/STM32L4xx_HAL_Driver/Src/stm32l4xx_hal_rcc_ex.c.obj
                0x08004570                HAL_RCCEx_PeriphCLKConfig
 .text.RCCEx_PLLSAI1_Config
                0x08004b44      0x1e8 CMakeFiles/Parking-Sensors.dir/Drivers/STM32L4xx_HAL_Driver/Src/stm32l4xx_hal_rcc_ex.c.obj
 .text.RCCEx_PLLSAI2_Config
                0x08004d2c      0x1bc CMakeFiles/Parking-Sensors.dir/Drivers/STM32L4xx_HAL_Driver/Src/stm32l4xx_hal_rcc_ex.c.obj
 .text.HAL_GPIO_Init
                0x08004ee8      0x354 CMakeFiles/Parking-Sensors.dir/Drivers/STM32L4xx_HAL_Driver/Src/stm32l4xx_hal_gpio.c.obj
                0x08004ee8                HAL_GPIO_Init
 .text.HAL_GPIO_ReadPin
                0x0800523c       0x30 CMakeFiles/Parking-Sensors.dir/Drivers/STM32L4xx_HAL_Driver/Src/stm32l4xx_hal_gpio.c.obj
                0x0800523c                HAL_GPIO_ReadPin
 .text.HAL_GPIO_WritePin
                0x0800526c       0x30 CMakeFiles/Parking-Sensors.dir/Drivers/STM32L4xx_HAL_Driver/Src/stm32l4xx_hal_gpio.c.obj
                0x0800526c                HAL_GPIO_WritePin
 .text.HAL_GPIO_EXTI_IRQHandler
                0x0800529c       0x30 CMakeFiles/Parking-Sensors.dir/Drivers/STM32L4xx_HAL_Driver/Src/stm32l4xx_hal_gpio.c.obj
                0x0800529c                HAL_GPIO_EXTI_IRQHandler
 .text.HAL_I2C_Init
                0x080052cc      0x136 CMakeFiles/Parking-Sensors.dir/Drivers/STM32L4xx_HAL_Driver/Src/stm32l4xx_hal_i2c.c.obj
                0x080052cc                HAL_I2C_Init
 *fill*         0x08005402        0x2 
 .text.HAL_I2C_Mem_Write
                0x08005404      0x228 CMakeFiles/Parking-Sensors.dir/Drivers/STM32L4xx_HAL_Driver/Src/stm32l4xx_hal_i2c.c.obj
                0x08005404                HAL_I2C_Mem_Write
 .text.I2C_RequestMemoryWrite
                0x0800562c       0xa8 CMakeFiles/Parking-Sensors.dir/Drivers/STM32L4xx_HAL_Driver/Src/stm32l4xx_hal_i2c.c.obj
 .text.I2C_Flush_TXDR
                0x080056d4       0x48 CMakeFiles/Parking-Sensors.dir/Drivers/STM32L4xx_HAL_Driver/Src/stm32l4xx_hal_i2c.c.obj
 .text.I2C_WaitOnFlagUntilTimeout
                0x0800571c       0xb2 CMakeFiles/Parking-Sensors.dir/Drivers/STM32L4xx_HAL_Driver/Src/stm32l4xx_hal_i2c.c.obj
 .text.I2C_WaitOnTXISFlagUntilTimeout
                0x080057ce       0x8e CMakeFiles/Parking-Sensors.dir/Drivers/STM32L4xx_HAL_Driver/Src/stm32l4xx_hal_i2c.c.obj
 .text.I2C_WaitOnSTOPFlagUntilTimeout
                0x0800585c       0x86 CMakeFiles/Parking-Sensors.dir/Drivers/STM32L4xx_HAL_Driver/Src/stm32l4xx_hal_i2c.c.obj
 *fill*         0x080058e2        0x2 
 .text.I2C_IsErrorOccurred
                0x080058e4      0x1c0 CMakeFiles/Parking-Sensors.dir/Drivers/STM32L4xx_HAL_Driver/Src/stm32l4xx_hal_i2c.c.obj
 .text.I2C_TransferConfig
                0x08005aa4       0x64 CMakeFiles/Parking-Sensors.dir/Drivers/STM32L4xx_HAL_Driver/Src/stm32l4xx_hal_i2c.c.obj
 .text.HAL_I2CEx_ConfigAnalogFilter
                0x08005b08       0x96 CMakeFiles/Parking-Sensors.dir/Drivers/STM32L4xx_HAL_Driver/Src/stm32l4xx_hal_i2c_ex.c.obj
                0x08005b08                HAL_I2CEx_ConfigAnalogFilter
 .text.HAL_I2CEx_ConfigDigitalFilter
                0x08005b9e       0x98 CMakeFiles/Parking-Sensors.dir/Drivers/STM32L4xx_HAL_Driver/Src/stm32l4xx_hal_i2c_ex.c.obj
                0x08005b9e                HAL_I2CEx_ConfigDigitalFilter
 *fill*         0x08005c36        0x2 
 .text.HAL_PWREx_GetVoltageRange
                0x08005c38       0x1c CMakeFiles/Parking-Sensors.dir/Drivers/STM32L4xx_HAL_Driver/Src/stm32l4xx_hal_pwr_ex.c.obj
                0x08005c38                HAL_PWREx_GetVoltageRange
 .text.HAL_PWREx_ControlVoltageScaling
                0x08005c54       0xac CMakeFiles/Parking-Sensors.dir/Drivers/STM32L4xx_HAL_Driver/Src/stm32l4xx_hal_pwr_ex.c.obj
                0x08005c54                HAL_PWREx_ControlVoltageScaling
 .text.__NVIC_SetPriorityGrouping
                0x08005d00       0x48 CMakeFiles/Parking-Sensors.dir/Drivers/STM32L4xx_HAL_Driver/Src/stm32l4xx_hal_cortex.c.obj
 .text.__NVIC_GetPriorityGrouping
                0x08005d48       0x1c CMakeFiles/Parking-Sensors.dir/Drivers/STM32L4xx_HAL_Driver/Src/stm32l4xx_hal_cortex.c.obj
 .text.__NVIC_EnableIRQ
                0x08005d64       0x3c CMakeFiles/Parking-Sensors.dir/Drivers/STM32L4xx_HAL_Driver/Src/stm32l4xx_hal_cortex.c.obj
 .text.__NVIC_SetPriority
                0x08005da0       0x54 CMakeFiles/Parking-Sensors.dir/Drivers/STM32L4xx_HAL_Driver/Src/stm32l4xx_hal_cortex.c.obj
 .text.NVIC_EncodePriority
                0x08005df4       0x66 CMakeFiles/Parking-Sensors.dir/Drivers/STM32L4xx_HAL_Driver/Src/stm32l4xx_hal_cortex.c.obj
 *fill*         0x08005e5a        0x2 
 .text.SysTick_Config
                0x08005e5c       0x44 CMakeFiles/Parking-Sensors.dir/Drivers/STM32L4xx_HAL_Driver/Src/stm32l4xx_hal_cortex.c.obj
 .text.HAL_NVIC_SetPriorityGrouping
                0x08005ea0       0x16 CMakeFiles/Parking-Sensors.dir/Drivers/STM32L4xx_HAL_Driver/Src/stm32l4xx_hal_cortex.c.obj
                0x08005ea0                HAL_NVIC_SetPriorityGrouping
 .text.HAL_NVIC_SetPriority
                0x08005eb6       0x38 CMakeFiles/Parking-Sensors.dir/Drivers/STM32L4xx_HAL_Driver/Src/stm32l4xx_hal_cortex.c.obj
                0x08005eb6                HAL_NVIC_SetPriority
 .text.HAL_NVIC_EnableIRQ
                0x08005eee       0x1c CMakeFiles/Parking-Sensors.dir/Drivers/STM32L4xx_HAL_Driver/Src/stm32l4xx_hal_cortex.c.obj
                0x08005eee                HAL_NVIC_EnableIRQ
 .text.HAL_SYSTICK_Config
                0x08005f0a       0x18 CMakeFiles/Parking-Sensors.dir/Drivers/STM32L4xx_HAL_Driver/Src/stm32l4xx_hal_cortex.c.obj
                0x08005f0a                HAL_SYSTICK_Config
 *fill*         0x08005f22        0x2 
 .text.SystemInit
                0x08005f24       0x24 CMakeFiles/Parking-Sensors.dir/Core/App/Src/system_stm32l4xx.c.obj
                0x08005f24                SystemInit
 .text._sbrk    0x08005f48       0x6c CMakeFiles/Parking-Sensors.dir/Core/App/Src/sysmem.c.obj
                0x08005f48                _sbrk
 .text.Reset_Handler
                0x08005fb4       0x50 CMakeFiles/Parking-Sensors.dir/Core/Startup/startup_stm32l476xx.s.obj
                0x08005fb4                Reset_Handler
 .text.Default_Handler
                0x08006004        0x2 CMakeFiles/Parking-Sensors.dir/Core/Startup/startup_stm32l476xx.s.obj
                0x08006004                RTC_Alarm_IRQHandler
                0x08006004                EXTI2_IRQHandler
                0x08006004                TIM8_TRG_COM_IRQHandler
                0x08006004                TIM8_CC_IRQHandler
                0x08006004                TIM1_CC_IRQHandler
                0x08006004                TSC_IRQHandler
                0x08006004                TAMP_STAMP_IRQHandler
                0x08006004                EXTI3_IRQHandler
                0x08006004                LPTIM2_IRQHandler
                0x08006004                DFSDM1_FLT1_IRQHandler
                0x08006004                I2C3_ER_IRQHandler
                0x08006004                DFSDM1_FLT2_IRQHandler
                0x08006004                I2C2_EV_IRQHandler
                0x08006004                CAN1_RX0_IRQHandler
                0x08006004                FPU_IRQHandler
                0x08006004                TIM1_UP_TIM16_IRQHandler
                0x08006004                ADC1_2_IRQHandler
                0x08006004                SPI1_IRQHandler
                0x08006004                TIM6_DAC_IRQHandler
                0x08006004                TIM8_UP_IRQHandler
                0x08006004                DMA2_Channel2_IRQHandler
                0x08006004                DMA1_Channel4_IRQHandler
                0x08006004                SAI2_IRQHandler
                0x08006004                DFSDM1_FLT3_IRQHandler
                0x08006004                USART3_IRQHandler
                0x08006004                DMA1_Channel7_IRQHandler
                0x08006004                CAN1_RX1_IRQHandler
                0x08006004                LCD_IRQHandler
                0x08006004                UART5_IRQHandler
                0x08006004                ADC3_IRQHandler
                0x08006004                TIM4_IRQHandler
                0x08006004                DMA2_Channel1_IRQHandler
                0x08006004                QUADSPI_IRQHandler
                0x08006004                I2C1_EV_IRQHandler
                0x08006004                DMA1_Channel6_IRQHandler
                0x08006004                UART4_IRQHandler
                0x08006004                DMA2_Channel4_IRQHandler
                0x08006004                TIM3_IRQHandler
                0x08006004                RCC_IRQHandler
                0x08006004                DMA1_Channel1_IRQHandler
                0x08006004                Default_Handler
                0x08006004                DMA2_Channel7_IRQHandler
                0x08006004                EXTI15_10_IRQHandler
                0x08006004                TIM7_IRQHandler
                0x08006004                SDMMC1_IRQHandler
                0x08006004                TIM5_IRQHandler
                0x08006004                I2C3_EV_IRQHandler
                0x08006004                EXTI9_5_IRQHandler
                0x08006004                RTC_WKUP_IRQHandler
                0x08006004                PVD_PVM_IRQHandler
                0x08006004                SPI2_IRQHandler
                0x08006004                CAN1_TX_IRQHandler
                0x08006004                DMA2_Channel5_IRQHandler
                0x08006004                DMA1_Channel5_IRQHandler
                0x08006004                EXTI4_IRQHandler
                0x08006004                RNG_IRQHandler
                0x08006004                TIM1_TRG_COM_TIM17_IRQHandler
                0x08006004                DMA1_Channel3_IRQHandler
                0x08006004                COMP_IRQHandler
                0x08006004                WWDG_IRQHandler
                0x08006004                LPUART1_IRQHandler
                0x08006004                DMA2_Channel6_IRQHandler
                0x08006004                TIM2_IRQHandler
                0x08006004                EXTI1_IRQHandler
                0x08006004                USART2_IRQHandler
                0x08006004                DFSDM1_FLT0_IRQHandler
                0x08006004                I2C2_ER_IRQHandler
                0x08006004                DMA1_Channel2_IRQHandler
                0x08006004                TIM8_BRK_IRQHandler
                0x08006004                CAN1_SCE_IRQHandler
                0x08006004                FLASH_IRQHandler
                0x08006004                USART1_IRQHandler
                0x08006004                OTG_FS_IRQHandler
                0x08006004                SPI3_IRQHandler
                0x08006004                I2C1_ER_IRQHandler
                0x08006004                FMC_IRQHandler
                0x08006004                SWPMI1_IRQHandler
                0x08006004                LPTIM1_IRQHandler
                0x08006004                SAI1_IRQHandler
                0x08006004                DMA2_Channel3_IRQHandler
                0x08006004                TIM1_BRK_TIM15_IRQHandler
 *fill*         0x08006006        0x2 
 .text.snprintf
                0x08006008       0x6c C:/ST/STM32CubeCLT_1.18.0/GNU-tools-for-STM32/bin/../lib/gcc/arm-none-eabi/13.3.1/../../../../arm-none-eabi/lib/thumb/v7e-m+fp/hard\libg_nano.a(libc_a-snprintf.o)
                0x08006008                sniprintf
                0x08006008                snprintf
 .text.sprintf  0x08006074       0x44 C:/ST/STM32CubeCLT_1.18.0/GNU-tools-for-STM32/bin/../lib/gcc/arm-none-eabi/13.3.1/../../../../arm-none-eabi/lib/thumb/v7e-m+fp/hard\libg_nano.a(libc_a-sprintf.o)
                0x08006074                siprintf
                0x08006074                sprintf
 .text.memmove  0x080060b8       0x34 C:/ST/STM32CubeCLT_1.18.0/GNU-tools-for-STM32/bin/../lib/gcc/arm-none-eabi/13.3.1/../../../../arm-none-eabi/lib/thumb/v7e-m+fp/hard\libg_nano.a(libc_a-memmove.o)
                0x080060b8                memmove
 .text.__errno  0x080060ec        0xc C:/ST/STM32CubeCLT_1.18.0/GNU-tools-for-STM32/bin/../lib/gcc/arm-none-eabi/13.3.1/../../../../arm-none-eabi/lib/thumb/v7e-m+fp/hard\libg_nano.a(libc_a-errno.o)
                0x080060ec                __errno
 .text.memcpy   0x080060f8       0x1c C:/ST/STM32CubeCLT_1.18.0/GNU-tools-for-STM32/bin/../lib/gcc/arm-none-eabi/13.3.1/../../../../arm-none-eabi/lib/thumb/v7e-m+fp/hard\libg_nano.a(libc_a-memcpy-stub.o)
                0x080060f8                memcpy
 .text.__ssputs_r
                0x08006114       0xb6 C:/ST/STM32CubeCLT_1.18.0/GNU-tools-for-STM32/bin/../lib/gcc/arm-none-eabi/13.3.1/../../../../arm-none-eabi/lib/thumb/v7e-m+fp/hard\libg_nano.a(libc_a-nano-svfprintf.o)
                0x08006114                __ssputs_r
 *fill*         0x080061ca        0x2 
 .text._svfprintf_r
                0x080061cc      0x1f8 C:/ST/STM32CubeCLT_1.18.0/GNU-tools-for-STM32/bin/../lib/gcc/arm-none-eabi/13.3.1/../../../../arm-none-eabi/lib/thumb/v7e-m+fp/hard\libg_nano.a(libc_a-nano-svfprintf.o)
                0x080061cc                _svfiprintf_r
                0x080061cc                _svfprintf_r
 .text._printf_common
                0x080063c4       0xda C:/ST/STM32CubeCLT_1.18.0/GNU-tools-for-STM32/bin/../lib/gcc/arm-none-eabi/13.3.1/../../../../arm-none-eabi/lib/thumb/v7e-m+fp/hard\libg_nano.a(libc_a-nano-vfprintf_i.o)
                0x080063c4                _printf_common
 *fill*         0x0800649e        0x2 
 .text._printf_i
                0x080064a0      0x23c C:/ST/STM32CubeCLT_1.18.0/GNU-tools-for-STM32/bin/../lib/gcc/arm-none-eabi/13.3.1/../../../../arm-none-eabi/lib/thumb/v7e-m+fp/hard\libg_nano.a(libc_a-nano-vfprintf_i.o)
                0x080064a0                _printf_i
 .text._realloc_r
                0x080066dc       0x5c C:/ST/STM32CubeCLT_1.18.0/GNU-tools-for-STM32/bin/../lib/gcc/arm-none-eabi/13.3.1/../../../../arm-none-eabi/lib/thumb/v7e-m+fp/hard\libg_nano.a(libc_a-reallocr.o)
                0x080066dc                _realloc_r
 .text._malloc_usable_size_r
                0x08006738       0x10 C:/ST/STM32CubeCLT_1.18.0/GNU-tools-for-STM32/bin/../lib/gcc/arm-none-eabi/13.3.1/../../../../arm-none-eabi/lib/thumb/v7e-m+fp/hard\libg_nano.a(libc_a-msizer.o)
                0x08006738                _malloc_usable_size_r
 *(.glue_7)
 .glue_7        0x08006748        0x0 linker stubs
 *(.glue_7t)
 .glue_7t       0x08006748        0x0 linker stubs
 *(.eh_frame)
 .eh_frame      0x08006748        0x0 C:/ST/STM32CubeCLT_1.18.0/GNU-tools-for-STM32/bin/../lib/gcc/arm-none-eabi/13.3.1/thumb/v7e-m+fp/hard/crtbegin.o
 *(.init)
 .init          0x08006748        0x4 C:/ST/STM32CubeCLT_1.18.0/GNU-tools-for-STM32/bin/../lib/gcc/arm-none-eabi/13.3.1/thumb/v7e-m+fp/hard/crti.o
                0x08006748                _init
 .init          0x0800674c        0x8 C:/ST/STM32CubeCLT_1.18.0/GNU-tools-for-STM32/bin/../lib/gcc/arm-none-eabi/13.3.1/thumb/v7e-m+fp/hard/crtn.o
 *(.fini)
 .fini          0x08006754        0x4 C:/ST/STM32CubeCLT_1.18.0/GNU-tools-for-STM32/bin/../lib/gcc/arm-none-eabi/13.3.1/thumb/v7e-m+fp/hard/crti.o
                0x08006754                _fini
 .fini          0x08006758        0x8 C:/ST/STM32CubeCLT_1.18.0/GNU-tools-for-STM32/bin/../lib/gcc/arm-none-eabi/13.3.1/thumb/v7e-m+fp/hard/crtn.o
                0x08006760                        . = ALIGN (0x8)
                0x08006760                        _etext = .

.vfp11_veneer   0x08006760        0x0
 .vfp11_veneer  0x08006760        0x0 linker stubs

.v4_bx          0x08006760        0x0
 .v4_bx         0x08006760        0x0 linker stubs

.iplt           0x08006760        0x0
 .iplt          0x08006760        0x0 C:/ST/STM32CubeCLT_1.18.0/GNU-tools-for-STM32/bin/../lib/gcc/arm-none-eabi/13.3.1/thumb/v7e-m+fp/hard/crtbegin.o

.rodata         0x08006760      0x828
                0x08006760                        . = ALIGN (0x8)
 *(.rodata)
 .rodata        0x08006760       0x2e CMakeFiles/Parking-Sensors.dir/Core/App/Src/main.c.obj
 *(.rodata*)
 *fill*         0x0800678e        0x2 
 .rodata.Font7x10
                0x08006790      0x76c CMakeFiles/Parking-Sensors.dir/Core/Ssd1306/Src/ssd1306_fonts.c.obj
 .rodata.Font_7x10
                0x08006efc        0xc CMakeFiles/Parking-Sensors.dir/Core/Ssd1306/Src/ssd1306_fonts.c.obj
                0x08006efc                Font_7x10
 .rodata.AHBPrescTable
                0x08006f08       0x10 CMakeFiles/Parking-Sensors.dir/Core/App/Src/system_stm32l4xx.c.obj
                0x08006f08                AHBPrescTable
 .rodata.APBPrescTable
                0x08006f18        0x8 CMakeFiles/Parking-Sensors.dir/Core/App/Src/system_stm32l4xx.c.obj
                0x08006f18                APBPrescTable
 .rodata.MSIRangeTable
                0x08006f20       0x30 CMakeFiles/Parking-Sensors.dir/Core/App/Src/system_stm32l4xx.c.obj
                0x08006f20                MSIRangeTable
 .rodata._svfprintf_r.str1.1
                0x08006f50       0x33 C:/ST/STM32CubeCLT_1.18.0/GNU-tools-for-STM32/bin/../lib/gcc/arm-none-eabi/13.3.1/../../../../arm-none-eabi/lib/thumb/v7e-m+fp/hard\libg_nano.a(libc_a-nano-svfprintf.o)
                                 0x11 (size before relaxing)
 .rodata._printf_i.str1.1
                0x08006f83       0x22 C:/ST/STM32CubeCLT_1.18.0/GNU-tools-for-STM32/bin/../lib/gcc/arm-none-eabi/13.3.1/../../../../arm-none-eabi/lib/thumb/v7e-m+fp/hard\libg_nano.a(libc_a-nano-vfprintf_i.o)
                0x08006fa8                        . = ALIGN (0x8)
 *fill*         0x08006f83        0x5 

.ARM.extab      0x08006f88        0x0
                0x08006f88                        . = ALIGN (0x8)
 *(.ARM.extab* .gnu.linkonce.armextab.*)
                0x08006f88                        . = ALIGN (0x8)

.ARM            0x08006f88        0x8
                0x08006f88                        . = ALIGN (0x8)
                0x08006f88                        __exidx_start = .
 *(.ARM.exidx*)
 .ARM.exidx     0x08006f88        0x8 C:/ST/STM32CubeCLT_1.18.0/GNU-tools-for-STM32/bin/../lib/gcc/arm-none-eabi/13.3.1/thumb/v7e-m+fp/hard\libgcc.a(_udivmoddi4.o)
 .ARM.exidx     0x08006f90        0x0 C:/ST/STM32CubeCLT_1.18.0/GNU-tools-for-STM32/bin/../lib/gcc/arm-none-eabi/13.3.1/../../../../arm-none-eabi/lib/thumb/v7e-m+fp/hard\libg_nano.a(libc_a-strlen.o)
                                  0x8 (size before relaxing)
 .ARM.exidx     0x08006f90        0x0 C:/ST/STM32CubeCLT_1.18.0/GNU-tools-for-STM32/bin/../lib/gcc/arm-none-eabi/13.3.1/../../../../arm-none-eabi/lib/thumb/v7e-m+fp/hard\libg_nano.a(libc_a-memchr.o)
                                  0x8 (size before relaxing)
                0x08006f90                        __exidx_end = .
                0x08006f90                        . = ALIGN (0x8)

.rel.dyn        0x08006f90        0x0
 .rel.iplt      0x08006f90        0x0 C:/ST/STM32CubeCLT_1.18.0/GNU-tools-for-STM32/bin/../lib/gcc/arm-none-eabi/13.3.1/thumb/v7e-m+fp/hard/crtbegin.o

.preinit_array  0x08006f90        0x0
                0x08006f90                        . = ALIGN (0x8)
                0x08006f90                        PROVIDE (__preinit_array_start = .)
 *(.preinit_array*)
                0x08006f90                        PROVIDE (__preinit_array_end = .)
                0x08006f90                        . = ALIGN (0x8)

.init_array     0x08006f90        0x8
                0x08006f90                        . = ALIGN (0x8)
                0x08006f90                        PROVIDE (__init_array_start = .)
 *(SORT_BY_NAME(.init_array.*))
 *(.init_array*)
 .init_array    0x08006f90        0x4 C:/ST/STM32CubeCLT_1.18.0/GNU-tools-for-STM32/bin/../lib/gcc/arm-none-eabi/13.3.1/thumb/v7e-m+fp/hard/crtbegin.o
                0x08006f94                        PROVIDE (__init_array_end = .)
                0x08006f98                        . = ALIGN (0x8)
 *fill*         0x08006f94        0x4 

.fini_array     0x08006f98        0x8
                0x08006f98                        . = ALIGN (0x8)
                [!provide]                        PROVIDE (__fini_array_start = .)
 *(SORT_BY_NAME(.fini_array.*))
 *(.fini_array*)
 .fini_array    0x08006f98        0x4 C:/ST/STM32CubeCLT_1.18.0/GNU-tools-for-STM32/bin/../lib/gcc/arm-none-eabi/13.3.1/thumb/v7e-m+fp/hard/crtbegin.o
                [!provide]                        PROVIDE (__fini_array_end = .)
                0x08006fa0                        . = ALIGN (0x8)
 *fill*         0x08006f9c        0x4 
                0x08006fa0                        _sidata = LOADADDR (.data)

.data           0x20000000       0x60 load address 0x08006fa0
                0x20000000                        . = ALIGN (0x8)
                0x20000000                        _sdata = .
 *(.data)
 *(.data*)
 .data._impure_ptr
                0x20000000        0x4 C:/ST/STM32CubeCLT_1.18.0/GNU-tools-for-STM32/bin/../lib/gcc/arm-none-eabi/13.3.1/../../../../arm-none-eabi/lib/thumb/v7e-m+fp/hard\libc_nano.a(libc_a-impure.o)
                0x20000000                _impure_ptr
 .data._impure_data
                0x20000004       0x4c C:/ST/STM32CubeCLT_1.18.0/GNU-tools-for-STM32/bin/../lib/gcc/arm-none-eabi/13.3.1/../../../../arm-none-eabi/lib/thumb/v7e-m+fp/hard\libc_nano.a(libc_a-impure.o)
                0x20000004                _impure_data
 .data.distance
                0x20000050        0x4 CMakeFiles/Parking-Sensors.dir/Core/App/Src/main.c.obj
 .data.uwTickPrio
                0x20000054        0x4 CMakeFiles/Parking-Sensors.dir/Drivers/STM32L4xx_HAL_Driver/Src/stm32l4xx_hal.c.obj
                0x20000054                uwTickPrio
 .data.uwTickFreq
                0x20000058        0x1 CMakeFiles/Parking-Sensors.dir/Drivers/STM32L4xx_HAL_Driver/Src/stm32l4xx_hal.c.obj
                0x20000058                uwTickFreq
 *fill*         0x20000059        0x3 
 .data.SystemCoreClock
                0x2000005c        0x4 CMakeFiles/Parking-Sensors.dir/Core/App/Src/system_stm32l4xx.c.obj
                0x2000005c                SystemCoreClock
                0x20000060                        . = ALIGN (0x8)
                0x20000060                        _edata = .

.igot.plt       0x20000060        0x0 load address 0x08007000
 .igot.plt      0x20000060        0x0 C:/ST/STM32CubeCLT_1.18.0/GNU-tools-for-STM32/bin/../lib/gcc/arm-none-eabi/13.3.1/thumb/v7e-m+fp/hard/crtbegin.o
                0x20000060                        . = ALIGN (0x4)

.bss            0x20000060      0x7b0 load address 0x08007000
                0x20000060                        _sbss = .
                0x20000060                        __bss_start__ = _sbss
 *(.bss)
 .bss           0x20000060       0x1c C:/ST/STM32CubeCLT_1.18.0/GNU-tools-for-STM32/bin/../lib/gcc/arm-none-eabi/13.3.1/thumb/v7e-m+fp/hard/crtbegin.o
 *(.bss*)
 .bss.__sf      0x2000007c      0x138 C:/ST/STM32CubeCLT_1.18.0/GNU-tools-for-STM32/bin/../lib/gcc/arm-none-eabi/13.3.1/../../../../arm-none-eabi/lib/thumb/v7e-m+fp/hard\libc_nano.a(libc_a-findfp.o)
                0x2000007c                __sf
 .bss.errno     0x200001b4        0x4 C:/ST/STM32CubeCLT_1.18.0/GNU-tools-for-STM32/bin/../lib/gcc/arm-none-eabi/13.3.1/../../../../arm-none-eabi/lib/thumb/v7e-m+fp/hard\libc_nano.a(libc_a-reent.o)
                0x200001b4                errno
 .bss.__lock___malloc_recursive_mutex
                0x200001b8        0x1 C:/ST/STM32CubeCLT_1.18.0/GNU-tools-for-STM32/bin/../lib/gcc/arm-none-eabi/13.3.1/../../../../arm-none-eabi/lib/thumb/v7e-m+fp/hard\libc_nano.a(libc_a-lock.o)
                0x200001b8                __lock___malloc_recursive_mutex
 *fill*         0x200001b9        0x3 
 .bss.__malloc_sbrk_start
                0x200001bc        0x4 C:/ST/STM32CubeCLT_1.18.0/GNU-tools-for-STM32/bin/../lib/gcc/arm-none-eabi/13.3.1/../../../../arm-none-eabi/lib/thumb/v7e-m+fp/hard\libc_nano.a(libc_a-mallocr.o)
                0x200001bc                __malloc_sbrk_start
 .bss.__malloc_free_list
                0x200001c0        0x4 C:/ST/STM32CubeCLT_1.18.0/GNU-tools-for-STM32/bin/../lib/gcc/arm-none-eabi/13.3.1/../../../../arm-none-eabi/lib/thumb/v7e-m+fp/hard\libc_nano.a(libc_a-mallocr.o)
                0x200001c0                __malloc_free_list
 .bss.huart2    0x200001c4       0x88 CMakeFiles/Parking-Sensors.dir/Core/App/Src/main.c.obj
                0x200001c4                huart2
 .bss.htim1     0x2000024c       0x4c CMakeFiles/Parking-Sensors.dir/Core/App/Src/main.c.obj
                0x2000024c                htim1
 .bss.htim2     0x20000298       0x4c CMakeFiles/Parking-Sensors.dir/Core/App/Src/main.c.obj
                0x20000298                htim2
 .bss.htim3     0x200002e4       0x4c CMakeFiles/Parking-Sensors.dir/Core/App/Src/main.c.obj
                0x200002e4                htim3
 .bss.hi2c2     0x20000330       0x54 CMakeFiles/Parking-Sensors.dir/Core/App/Src/main.c.obj
                0x20000330                hi2c2
 .bss.start_time
                0x20000384        0x4 CMakeFiles/Parking-Sensors.dir/Core/App/Src/main.c.obj
                0x20000384                start_time
 .bss.end_time  0x20000388        0x4 CMakeFiles/Parking-Sensors.dir/Core/App/Src/main.c.obj
                0x20000388                end_time
 .bss.echo_state
                0x2000038c        0x1 CMakeFiles/Parking-Sensors.dir/Core/App/Src/main.c.obj
                0x2000038c                echo_state
 .bss.uart_mes_len
                0x2000038d        0x1 CMakeFiles/Parking-Sensors.dir/Core/App/Src/main.c.obj
                0x2000038d                uart_mes_len
 *fill*         0x2000038e        0x2 
 .bss.uart_buffer
                0x20000390       0x64 CMakeFiles/Parking-Sensors.dir/Core/App/Src/main.c.obj
                0x20000390                uart_buffer
 .bss.last_distance_measure
                0x200003f4        0x4 CMakeFiles/Parking-Sensors.dir/Core/App/Src/main.c.obj
 .bss.last_buzzer_toggle
                0x200003f8        0x4 CMakeFiles/Parking-Sensors.dir/Core/App/Src/main.c.obj
 .bss.buzzer_on
                0x200003fc        0x1 CMakeFiles/Parking-Sensors.dir/Core/App/Src/main.c.obj
 *fill*         0x200003fd        0x3 
 .bss.SSD1306_Buffer
                0x20000400      0x400 CMakeFiles/Parking-Sensors.dir/Core/Ssd1306/Src/ssd1306.c.obj
 .bss.SSD1306   0x20000800        0x6 CMakeFiles/Parking-Sensors.dir/Core/Ssd1306/Src/ssd1306.c.obj
 *fill*         0x20000806        0x2 
 .bss.uwTick    0x20000808        0x4 CMakeFiles/Parking-Sensors.dir/Drivers/STM32L4xx_HAL_Driver/Src/stm32l4xx_hal.c.obj
                0x20000808                uwTick
 .bss.__sbrk_heap_end
                0x2000080c        0x4 CMakeFiles/Parking-Sensors.dir/Core/App/Src/sysmem.c.obj
 *(COMMON)
                0x20000810                        . = ALIGN (0x4)
                0x20000810                        _ebss = .
                0x20000810                        __bss_end__ = _ebss

._user_heap_stack
                0x20000810      0x600 load address 0x08007000
                0x20000810                        . = ALIGN (0x8)
                [!provide]                        PROVIDE (end = .)
                0x20000810                        PROVIDE (_end = .)
                0x20000a10                        . = (. + _Min_Heap_Size)
 *fill*         0x20000810      0x200 
                0x20000e10                        . = (. + _Min_Stack_Size)
 *fill*         0x20000a10      0x400 
                0x20000e10                        . = ALIGN (0x8)

/DISCARD/
 libc.a(*)
 libm.a(*)
 libgcc.a(*)
OUTPUT(Parking-Sensors.elf elf32-littlearm)
LOAD linker stubs
LOAD C:/ST/STM32CubeCLT_1.18.0/GNU-tools-for-STM32/bin/../lib/gcc/arm-none-eabi/13.3.1/../../../../arm-none-eabi/lib/thumb/v7e-m+fp/hard\libc.a
LOAD C:/ST/STM32CubeCLT_1.18.0/GNU-tools-for-STM32/bin/../lib/gcc/arm-none-eabi/13.3.1/../../../../arm-none-eabi/lib/thumb/v7e-m+fp/hard\libm.a
LOAD C:/ST/STM32CubeCLT_1.18.0/GNU-tools-for-STM32/bin/../lib/gcc/arm-none-eabi/13.3.1/thumb/v7e-m+fp/hard\libgcc.a

.ARM.attributes
                0x00000000       0x30
 .ARM.attributes
                0x00000000       0x22 C:/ST/STM32CubeCLT_1.18.0/GNU-tools-for-STM32/bin/../lib/gcc/arm-none-eabi/13.3.1/thumb/v7e-m+fp/hard/crti.o
 .ARM.attributes
                0x00000022       0x34 C:/ST/STM32CubeCLT_1.18.0/GNU-tools-for-STM32/bin/../lib/gcc/arm-none-eabi/13.3.1/thumb/v7e-m+fp/hard/crtbegin.o
 .ARM.attributes
                0x00000056       0x34 C:/ST/STM32CubeCLT_1.18.0/GNU-tools-for-STM32/bin/../lib/gcc/arm-none-eabi/13.3.1/../../../../arm-none-eabi/lib/thumb/v7e-m+fp/hard\libc_nano.a(libc_a-findfp.o)
 .ARM.attributes
                0x0000008a       0x34 C:/ST/STM32CubeCLT_1.18.0/GNU-tools-for-STM32/bin/../lib/gcc/arm-none-eabi/13.3.1/../../../../arm-none-eabi/lib/thumb/v7e-m+fp/hard\libc_nano.a(libc_a-memset.o)
 .ARM.attributes
                0x000000be       0x34 C:/ST/STM32CubeCLT_1.18.0/GNU-tools-for-STM32/bin/../lib/gcc/arm-none-eabi/13.3.1/../../../../arm-none-eabi/lib/thumb/v7e-m+fp/hard\libc_nano.a(libc_a-reent.o)
 .ARM.attributes
                0x000000f2       0x34 C:/ST/STM32CubeCLT_1.18.0/GNU-tools-for-STM32/bin/../lib/gcc/arm-none-eabi/13.3.1/../../../../arm-none-eabi/lib/thumb/v7e-m+fp/hard\libc_nano.a(libc_a-impure.o)
 .ARM.attributes
                0x00000126       0x34 C:/ST/STM32CubeCLT_1.18.0/GNU-tools-for-STM32/bin/../lib/gcc/arm-none-eabi/13.3.1/../../../../arm-none-eabi/lib/thumb/v7e-m+fp/hard\libc_nano.a(libc_a-init.o)
 .ARM.attributes
                0x0000015a       0x34 C:/ST/STM32CubeCLT_1.18.0/GNU-tools-for-STM32/bin/../lib/gcc/arm-none-eabi/13.3.1/../../../../arm-none-eabi/lib/thumb/v7e-m+fp/hard\libc_nano.a(libc_a-lock.o)
 .ARM.attributes
                0x0000018e       0x34 C:/ST/STM32CubeCLT_1.18.0/GNU-tools-for-STM32/bin/../lib/gcc/arm-none-eabi/13.3.1/../../../../arm-none-eabi/lib/thumb/v7e-m+fp/hard\libc_nano.a(libc_a-freer.o)
 .ARM.attributes
                0x000001c2       0x34 C:/ST/STM32CubeCLT_1.18.0/GNU-tools-for-STM32/bin/../lib/gcc/arm-none-eabi/13.3.1/../../../../arm-none-eabi/lib/thumb/v7e-m+fp/hard\libc_nano.a(libc_a-mallocr.o)
 .ARM.attributes
                0x000001f6       0x34 C:/ST/STM32CubeCLT_1.18.0/GNU-tools-for-STM32/bin/../lib/gcc/arm-none-eabi/13.3.1/../../../../arm-none-eabi/lib/thumb/v7e-m+fp/hard\libc_nano.a(libc_a-mlock.o)
 .ARM.attributes
                0x0000022a       0x34 C:/ST/STM32CubeCLT_1.18.0/GNU-tools-for-STM32/bin/../lib/gcc/arm-none-eabi/13.3.1/../../../../arm-none-eabi/lib/thumb/v7e-m+fp/hard\libc_nano.a(libc_a-sbrkr.o)
 .ARM.attributes
                0x0000025e       0x34 CMakeFiles/Parking-Sensors.dir/Core/App/Src/main.c.obj
 .ARM.attributes
                0x00000292       0x34 CMakeFiles/Parking-Sensors.dir/Core/Peripherals/Gpio/Src/gpio.c.obj
 .ARM.attributes
                0x000002c6       0x34 CMakeFiles/Parking-Sensors.dir/Core/Peripherals/I2c/Src/i2c.c.obj
 .ARM.attributes
                0x000002fa       0x34 CMakeFiles/Parking-Sensors.dir/Core/Peripherals/SystemClock/Src/systemclock.c.obj
 .ARM.attributes
                0x0000032e       0x34 CMakeFiles/Parking-Sensors.dir/Core/Peripherals/Timer/Src/timer.c.obj
 .ARM.attributes
                0x00000362       0x34 CMakeFiles/Parking-Sensors.dir/Core/Peripherals/Uart/Src/uart.c.obj
 .ARM.attributes
                0x00000396       0x34 CMakeFiles/Parking-Sensors.dir/Core/Ssd1306/Src/ssd1306.c.obj
 .ARM.attributes
                0x000003ca       0x34 CMakeFiles/Parking-Sensors.dir/Core/Ssd1306/Src/ssd1306_fonts.c.obj
 .ARM.attributes
                0x000003fe       0x34 CMakeFiles/Parking-Sensors.dir/Core/Hcsr04/Src/hcsr04.c.obj
 .ARM.attributes
                0x00000432       0x34 CMakeFiles/Parking-Sensors.dir/Core/App/Src/stm32l4xx_it.c.obj
 .ARM.attributes
                0x00000466       0x34 CMakeFiles/Parking-Sensors.dir/Core/App/Src/stm32l4xx_hal_msp.c.obj
 .ARM.attributes
                0x0000049a       0x34 CMakeFiles/Parking-Sensors.dir/Drivers/STM32L4xx_HAL_Driver/Src/stm32l4xx_hal_tim.c.obj
 .ARM.attributes
                0x000004ce       0x34 CMakeFiles/Parking-Sensors.dir/Drivers/STM32L4xx_HAL_Driver/Src/stm32l4xx_hal_uart.c.obj
 .ARM.attributes
                0x00000502       0x34 CMakeFiles/Parking-Sensors.dir/Drivers/STM32L4xx_HAL_Driver/Src/stm32l4xx_hal.c.obj
 .ARM.attributes
                0x00000536       0x34 CMakeFiles/Parking-Sensors.dir/Drivers/STM32L4xx_HAL_Driver/Src/stm32l4xx_hal_rcc.c.obj
 .ARM.attributes
                0x0000056a       0x34 CMakeFiles/Parking-Sensors.dir/Drivers/STM32L4xx_HAL_Driver/Src/stm32l4xx_hal_rcc_ex.c.obj
 .ARM.attributes
                0x0000059e       0x34 CMakeFiles/Parking-Sensors.dir/Drivers/STM32L4xx_HAL_Driver/Src/stm32l4xx_hal_gpio.c.obj
 .ARM.attributes
                0x000005d2       0x34 CMakeFiles/Parking-Sensors.dir/Drivers/STM32L4xx_HAL_Driver/Src/stm32l4xx_hal_i2c.c.obj
 .ARM.attributes
                0x00000606       0x34 CMakeFiles/Parking-Sensors.dir/Drivers/STM32L4xx_HAL_Driver/Src/stm32l4xx_hal_i2c_ex.c.obj
 .ARM.attributes
                0x0000063a       0x34 CMakeFiles/Parking-Sensors.dir/Drivers/STM32L4xx_HAL_Driver/Src/stm32l4xx_hal_pwr_ex.c.obj
 .ARM.attributes
                0x0000066e       0x34 CMakeFiles/Parking-Sensors.dir/Drivers/STM32L4xx_HAL_Driver/Src/stm32l4xx_hal_cortex.c.obj
 .ARM.attributes
                0x000006a2       0x34 CMakeFiles/Parking-Sensors.dir/Core/App/Src/system_stm32l4xx.c.obj
 .ARM.attributes
                0x000006d6       0x34 CMakeFiles/Parking-Sensors.dir/Core/App/Src/sysmem.c.obj
 .ARM.attributes
                0x0000070a       0x21 CMakeFiles/Parking-Sensors.dir/Core/Startup/startup_stm32l476xx.s.obj
 .ARM.attributes
                0x0000072b       0x22 C:/ST/STM32CubeCLT_1.18.0/GNU-tools-for-STM32/bin/../lib/gcc/arm-none-eabi/13.3.1/thumb/v7e-m+fp/hard\libgcc.a(_aeabi_uldivmod.o)
 .ARM.attributes
                0x0000074d       0x34 C:/ST/STM32CubeCLT_1.18.0/GNU-tools-for-STM32/bin/../lib/gcc/arm-none-eabi/13.3.1/thumb/v7e-m+fp/hard\libgcc.a(_udivmoddi4.o)
 .ARM.attributes
                0x00000781       0x22 C:/ST/STM32CubeCLT_1.18.0/GNU-tools-for-STM32/bin/../lib/gcc/arm-none-eabi/13.3.1/thumb/v7e-m+fp/hard\libgcc.a(_dvmd_tls.o)
 .ARM.attributes
                0x000007a3       0x34 C:/ST/STM32CubeCLT_1.18.0/GNU-tools-for-STM32/bin/../lib/gcc/arm-none-eabi/13.3.1/../../../../arm-none-eabi/lib/thumb/v7e-m+fp/hard\libg_nano.a(libc_a-snprintf.o)
 .ARM.attributes
                0x000007d7       0x34 C:/ST/STM32CubeCLT_1.18.0/GNU-tools-for-STM32/bin/../lib/gcc/arm-none-eabi/13.3.1/../../../../arm-none-eabi/lib/thumb/v7e-m+fp/hard\libg_nano.a(libc_a-sprintf.o)
 .ARM.attributes
                0x0000080b       0x34 C:/ST/STM32CubeCLT_1.18.0/GNU-tools-for-STM32/bin/../lib/gcc/arm-none-eabi/13.3.1/../../../../arm-none-eabi/lib/thumb/v7e-m+fp/hard\libg_nano.a(libc_a-memmove.o)
 .ARM.attributes
                0x0000083f       0x34 C:/ST/STM32CubeCLT_1.18.0/GNU-tools-for-STM32/bin/../lib/gcc/arm-none-eabi/13.3.1/../../../../arm-none-eabi/lib/thumb/v7e-m+fp/hard\libg_nano.a(libc_a-errno.o)
 .ARM.attributes
                0x00000873       0x34 C:/ST/STM32CubeCLT_1.18.0/GNU-tools-for-STM32/bin/../lib/gcc/arm-none-eabi/13.3.1/../../../../arm-none-eabi/lib/thumb/v7e-m+fp/hard\libg_nano.a(libc_a-memcpy-stub.o)
 .ARM.attributes
                0x000008a7       0x17 C:/ST/STM32CubeCLT_1.18.0/GNU-tools-for-STM32/bin/../lib/gcc/arm-none-eabi/13.3.1/../../../../arm-none-eabi/lib/thumb/v7e-m+fp/hard\libg_nano.a(libc_a-strlen.o)
 .ARM.attributes
                0x000008be       0x34 C:/ST/STM32CubeCLT_1.18.0/GNU-tools-for-STM32/bin/../lib/gcc/arm-none-eabi/13.3.1/../../../../arm-none-eabi/lib/thumb/v7e-m+fp/hard\libg_nano.a(libc_a-nano-svfprintf.o)
 .ARM.attributes
                0x000008f2       0x34 C:/ST/STM32CubeCLT_1.18.0/GNU-tools-for-STM32/bin/../lib/gcc/arm-none-eabi/13.3.1/../../../../arm-none-eabi/lib/thumb/v7e-m+fp/hard\libg_nano.a(libc_a-nano-vfprintf_i.o)
 .ARM.attributes
                0x00000926       0x1c C:/ST/STM32CubeCLT_1.18.0/GNU-tools-for-STM32/bin/../lib/gcc/arm-none-eabi/13.3.1/../../../../arm-none-eabi/lib/thumb/v7e-m+fp/hard\libg_nano.a(libc_a-memchr.o)
 .ARM.attributes
                0x00000942       0x34 C:/ST/STM32CubeCLT_1.18.0/GNU-tools-for-STM32/bin/../lib/gcc/arm-none-eabi/13.3.1/../../../../arm-none-eabi/lib/thumb/v7e-m+fp/hard\libg_nano.a(libc_a-reallocr.o)
 .ARM.attributes
                0x00000976       0x34 C:/ST/STM32CubeCLT_1.18.0/GNU-tools-for-STM32/bin/../lib/gcc/arm-none-eabi/13.3.1/../../../../arm-none-eabi/lib/thumb/v7e-m+fp/hard\libg_nano.a(libc_a-msizer.o)
 .ARM.attributes
                0x000009aa       0x22 C:/ST/STM32CubeCLT_1.18.0/GNU-tools-for-STM32/bin/../lib/gcc/arm-none-eabi/13.3.1/thumb/v7e-m+fp/hard/crtn.o

.comment        0x00000000       0x43
 .comment       0x00000000       0x43 CMakeFiles/Parking-Sensors.dir/Core/App/Src/main.c.obj
                                 0x44 (size before relaxing)
 .comment       0x00000043       0x44 CMakeFiles/Parking-Sensors.dir/Core/Peripherals/Gpio/Src/gpio.c.obj
 .comment       0x00000043       0x44 CMakeFiles/Parking-Sensors.dir/Core/Peripherals/I2c/Src/i2c.c.obj
 .comment       0x00000043       0x44 CMakeFiles/Parking-Sensors.dir/Core/Peripherals/SystemClock/Src/systemclock.c.obj
 .comment       0x00000043       0x44 CMakeFiles/Parking-Sensors.dir/Core/Peripherals/Timer/Src/timer.c.obj
 .comment       0x00000043       0x44 CMakeFiles/Parking-Sensors.dir/Core/Peripherals/Uart/Src/uart.c.obj
 .comment       0x00000043       0x44 CMakeFiles/Parking-Sensors.dir/Core/Ssd1306/Src/ssd1306.c.obj
 .comment       0x00000043       0x44 CMakeFiles/Parking-Sensors.dir/Core/Ssd1306/Src/ssd1306_fonts.c.obj
 .comment       0x00000043       0x44 CMakeFiles/Parking-Sensors.dir/Core/Hcsr04/Src/hcsr04.c.obj
 .comment       0x00000043       0x44 CMakeFiles/Parking-Sensors.dir/Core/App/Src/stm32l4xx_it.c.obj
 .comment       0x00000043       0x44 CMakeFiles/Parking-Sensors.dir/Core/App/Src/stm32l4xx_hal_msp.c.obj
 .comment       0x00000043       0x44 CMakeFiles/Parking-Sensors.dir/Drivers/STM32L4xx_HAL_Driver/Src/stm32l4xx_hal_tim.c.obj
 .comment       0x00000043       0x44 CMakeFiles/Parking-Sensors.dir/Drivers/STM32L4xx_HAL_Driver/Src/stm32l4xx_hal_uart.c.obj
 .comment       0x00000043       0x44 CMakeFiles/Parking-Sensors.dir/Drivers/STM32L4xx_HAL_Driver/Src/stm32l4xx_hal.c.obj
 .comment       0x00000043       0x44 CMakeFiles/Parking-Sensors.dir/Drivers/STM32L4xx_HAL_Driver/Src/stm32l4xx_hal_rcc.c.obj
 .comment       0x00000043       0x44 CMakeFiles/Parking-Sensors.dir/Drivers/STM32L4xx_HAL_Driver/Src/stm32l4xx_hal_rcc_ex.c.obj
 .comment       0x00000043       0x44 CMakeFiles/Parking-Sensors.dir/Drivers/STM32L4xx_HAL_Driver/Src/stm32l4xx_hal_gpio.c.obj
 .comment       0x00000043       0x44 CMakeFiles/Parking-Sensors.dir/Drivers/STM32L4xx_HAL_Driver/Src/stm32l4xx_hal_i2c.c.obj
 .comment       0x00000043       0x44 CMakeFiles/Parking-Sensors.dir/Drivers/STM32L4xx_HAL_Driver/Src/stm32l4xx_hal_i2c_ex.c.obj
 .comment       0x00000043       0x44 CMakeFiles/Parking-Sensors.dir/Drivers/STM32L4xx_HAL_Driver/Src/stm32l4xx_hal_pwr_ex.c.obj
 .comment       0x00000043       0x44 CMakeFiles/Parking-Sensors.dir/Drivers/STM32L4xx_HAL_Driver/Src/stm32l4xx_hal_cortex.c.obj
 .comment       0x00000043       0x44 CMakeFiles/Parking-Sensors.dir/Core/App/Src/system_stm32l4xx.c.obj
 .comment       0x00000043       0x44 CMakeFiles/Parking-Sensors.dir/Core/App/Src/sysmem.c.obj
 .comment       0x00000043       0x44 C:/ST/STM32CubeCLT_1.18.0/GNU-tools-for-STM32/bin/../lib/gcc/arm-none-eabi/13.3.1/../../../../arm-none-eabi/lib/thumb/v7e-m+fp/hard\libg_nano.a(libc_a-snprintf.o)
 .comment       0x00000043       0x44 C:/ST/STM32CubeCLT_1.18.0/GNU-tools-for-STM32/bin/../lib/gcc/arm-none-eabi/13.3.1/../../../../arm-none-eabi/lib/thumb/v7e-m+fp/hard\libg_nano.a(libc_a-sprintf.o)
 .comment       0x00000043       0x44 C:/ST/STM32CubeCLT_1.18.0/GNU-tools-for-STM32/bin/../lib/gcc/arm-none-eabi/13.3.1/../../../../arm-none-eabi/lib/thumb/v7e-m+fp/hard\libg_nano.a(libc_a-memmove.o)
 .comment       0x00000043       0x44 C:/ST/STM32CubeCLT_1.18.0/GNU-tools-for-STM32/bin/../lib/gcc/arm-none-eabi/13.3.1/../../../../arm-none-eabi/lib/thumb/v7e-m+fp/hard\libg_nano.a(libc_a-errno.o)
 .comment       0x00000043       0x44 C:/ST/STM32CubeCLT_1.18.0/GNU-tools-for-STM32/bin/../lib/gcc/arm-none-eabi/13.3.1/../../../../arm-none-eabi/lib/thumb/v7e-m+fp/hard\libg_nano.a(libc_a-memcpy-stub.o)
 .comment       0x00000043       0x44 C:/ST/STM32CubeCLT_1.18.0/GNU-tools-for-STM32/bin/../lib/gcc/arm-none-eabi/13.3.1/../../../../arm-none-eabi/lib/thumb/v7e-m+fp/hard\libg_nano.a(libc_a-nano-svfprintf.o)
 .comment       0x00000043       0x44 C:/ST/STM32CubeCLT_1.18.0/GNU-tools-for-STM32/bin/../lib/gcc/arm-none-eabi/13.3.1/../../../../arm-none-eabi/lib/thumb/v7e-m+fp/hard\libg_nano.a(libc_a-nano-vfprintf_i.o)
 .comment       0x00000043       0x44 C:/ST/STM32CubeCLT_1.18.0/GNU-tools-for-STM32/bin/../lib/gcc/arm-none-eabi/13.3.1/../../../../arm-none-eabi/lib/thumb/v7e-m+fp/hard\libg_nano.a(libc_a-reallocr.o)
 .comment       0x00000043       0x44 C:/ST/STM32CubeCLT_1.18.0/GNU-tools-for-STM32/bin/../lib/gcc/arm-none-eabi/13.3.1/../../../../arm-none-eabi/lib/thumb/v7e-m+fp/hard\libg_nano.a(libc_a-msizer.o)

.debug_frame    0x00000000     0x4ed0
 .debug_frame   0x00000000      0x144 C:/ST/STM32CubeCLT_1.18.0/GNU-tools-for-STM32/bin/../lib/gcc/arm-none-eabi/13.3.1/../../../../arm-none-eabi/lib/thumb/v7e-m+fp/hard\libc_nano.a(libc_a-findfp.o)
 .debug_frame   0x00000144       0x20 C:/ST/STM32CubeCLT_1.18.0/GNU-tools-for-STM32/bin/../lib/gcc/arm-none-eabi/13.3.1/../../../../arm-none-eabi/lib/thumb/v7e-m+fp/hard\libc_nano.a(libc_a-memset.o)
 .debug_frame   0x00000164       0x38 C:/ST/STM32CubeCLT_1.18.0/GNU-tools-for-STM32/bin/../lib/gcc/arm-none-eabi/13.3.1/../../../../arm-none-eabi/lib/thumb/v7e-m+fp/hard\libc_nano.a(libc_a-reent.o)
 .debug_frame   0x0000019c       0x2c C:/ST/STM32CubeCLT_1.18.0/GNU-tools-for-STM32/bin/../lib/gcc/arm-none-eabi/13.3.1/../../../../arm-none-eabi/lib/thumb/v7e-m+fp/hard\libc_nano.a(libc_a-init.o)
 .debug_frame   0x000001c8       0xb0 C:/ST/STM32CubeCLT_1.18.0/GNU-tools-for-STM32/bin/../lib/gcc/arm-none-eabi/13.3.1/../../../../arm-none-eabi/lib/thumb/v7e-m+fp/hard\libc_nano.a(libc_a-lock.o)
 .debug_frame   0x00000278       0x38 C:/ST/STM32CubeCLT_1.18.0/GNU-tools-for-STM32/bin/../lib/gcc/arm-none-eabi/13.3.1/../../../../arm-none-eabi/lib/thumb/v7e-m+fp/hard\libc_nano.a(libc_a-freer.o)
 .debug_frame   0x000002b0       0x50 C:/ST/STM32CubeCLT_1.18.0/GNU-tools-for-STM32/bin/../lib/gcc/arm-none-eabi/13.3.1/../../../../arm-none-eabi/lib/thumb/v7e-m+fp/hard\libc_nano.a(libc_a-mallocr.o)
 .debug_frame   0x00000300       0x30 C:/ST/STM32CubeCLT_1.18.0/GNU-tools-for-STM32/bin/../lib/gcc/arm-none-eabi/13.3.1/../../../../arm-none-eabi/lib/thumb/v7e-m+fp/hard\libc_nano.a(libc_a-mlock.o)
 .debug_frame   0x00000330       0x2c C:/ST/STM32CubeCLT_1.18.0/GNU-tools-for-STM32/bin/../lib/gcc/arm-none-eabi/13.3.1/../../../../arm-none-eabi/lib/thumb/v7e-m+fp/hard\libc_nano.a(libc_a-sbrkr.o)
 .debug_frame   0x0000035c      0x15c CMakeFiles/Parking-Sensors.dir/Core/App/Src/main.c.obj
 .debug_frame   0x000004b8       0x34 CMakeFiles/Parking-Sensors.dir/Core/Peripherals/Gpio/Src/gpio.c.obj
 .debug_frame   0x000004ec       0x78 CMakeFiles/Parking-Sensors.dir/Core/Peripherals/I2c/Src/i2c.c.obj
 .debug_frame   0x00000564       0x34 CMakeFiles/Parking-Sensors.dir/Core/Peripherals/SystemClock/Src/systemclock.c.obj
 .debug_frame   0x00000598       0xa0 CMakeFiles/Parking-Sensors.dir/Core/Peripherals/Timer/Src/timer.c.obj
 .debug_frame   0x00000638       0x2c CMakeFiles/Parking-Sensors.dir/Core/Peripherals/Uart/Src/uart.c.obj
 .debug_frame   0x00000664      0x3e4 CMakeFiles/Parking-Sensors.dir/Core/Ssd1306/Src/ssd1306.c.obj
 .debug_frame   0x00000a48       0x9c CMakeFiles/Parking-Sensors.dir/Core/Hcsr04/Src/hcsr04.c.obj
 .debug_frame   0x00000ae4      0x120 CMakeFiles/Parking-Sensors.dir/Core/App/Src/stm32l4xx_it.c.obj
 .debug_frame   0x00000c04       0x84 CMakeFiles/Parking-Sensors.dir/Core/App/Src/stm32l4xx_hal_msp.c.obj
 .debug_frame   0x00000c88     0x121c CMakeFiles/Parking-Sensors.dir/Drivers/STM32L4xx_HAL_Driver/Src/stm32l4xx_hal_tim.c.obj
 .debug_frame   0x00001ea4      0x9f4 CMakeFiles/Parking-Sensors.dir/Drivers/STM32L4xx_HAL_Driver/Src/stm32l4xx_hal_uart.c.obj
 .debug_frame   0x00002898      0x498 CMakeFiles/Parking-Sensors.dir/Drivers/STM32L4xx_HAL_Driver/Src/stm32l4xx_hal.c.obj
 .debug_frame   0x00002d30      0x21c CMakeFiles/Parking-Sensors.dir/Drivers/STM32L4xx_HAL_Driver/Src/stm32l4xx_hal_rcc.c.obj
 .debug_frame   0x00002f4c      0x2fc CMakeFiles/Parking-Sensors.dir/Drivers/STM32L4xx_HAL_Driver/Src/stm32l4xx_hal_rcc_ex.c.obj
 .debug_frame   0x00003248      0x14c CMakeFiles/Parking-Sensors.dir/Drivers/STM32L4xx_HAL_Driver/Src/stm32l4xx_hal_gpio.c.obj
 .debug_frame   0x00003394      0xc38 CMakeFiles/Parking-Sensors.dir/Drivers/STM32L4xx_HAL_Driver/Src/stm32l4xx_hal_i2c.c.obj
 .debug_frame   0x00003fcc      0x100 CMakeFiles/Parking-Sensors.dir/Drivers/STM32L4xx_HAL_Driver/Src/stm32l4xx_hal_i2c_ex.c.obj
 .debug_frame   0x000040cc      0x584 CMakeFiles/Parking-Sensors.dir/Drivers/STM32L4xx_HAL_Driver/Src/stm32l4xx_hal_pwr_ex.c.obj
 .debug_frame   0x00004650      0x4e8 CMakeFiles/Parking-Sensors.dir/Drivers/STM32L4xx_HAL_Driver/Src/stm32l4xx_hal_cortex.c.obj
 .debug_frame   0x00004b38       0x58 CMakeFiles/Parking-Sensors.dir/Core/App/Src/system_stm32l4xx.c.obj
 .debug_frame   0x00004b90       0x34 CMakeFiles/Parking-Sensors.dir/Core/App/Src/sysmem.c.obj
 .debug_frame   0x00004bc4       0x2c C:/ST/STM32CubeCLT_1.18.0/GNU-tools-for-STM32/bin/../lib/gcc/arm-none-eabi/13.3.1/thumb/v7e-m+fp/hard\libgcc.a(_aeabi_uldivmod.o)
 .debug_frame   0x00004bf0       0x34 C:/ST/STM32CubeCLT_1.18.0/GNU-tools-for-STM32/bin/../lib/gcc/arm-none-eabi/13.3.1/thumb/v7e-m+fp/hard\libgcc.a(_udivmoddi4.o)
 .debug_frame   0x00004c24       0x7c C:/ST/STM32CubeCLT_1.18.0/GNU-tools-for-STM32/bin/../lib/gcc/arm-none-eabi/13.3.1/../../../../arm-none-eabi/lib/thumb/v7e-m+fp/hard\libg_nano.a(libc_a-snprintf.o)
 .debug_frame   0x00004ca0       0x74 C:/ST/STM32CubeCLT_1.18.0/GNU-tools-for-STM32/bin/../lib/gcc/arm-none-eabi/13.3.1/../../../../arm-none-eabi/lib/thumb/v7e-m+fp/hard\libg_nano.a(libc_a-sprintf.o)
 .debug_frame   0x00004d14       0x28 C:/ST/STM32CubeCLT_1.18.0/GNU-tools-for-STM32/bin/../lib/gcc/arm-none-eabi/13.3.1/../../../../arm-none-eabi/lib/thumb/v7e-m+fp/hard\libg_nano.a(libc_a-memmove.o)
 .debug_frame   0x00004d3c       0x20 C:/ST/STM32CubeCLT_1.18.0/GNU-tools-for-STM32/bin/../lib/gcc/arm-none-eabi/13.3.1/../../../../arm-none-eabi/lib/thumb/v7e-m+fp/hard\libg_nano.a(libc_a-errno.o)
 .debug_frame   0x00004d5c       0x28 C:/ST/STM32CubeCLT_1.18.0/GNU-tools-for-STM32/bin/../lib/gcc/arm-none-eabi/13.3.1/../../../../arm-none-eabi/lib/thumb/v7e-m+fp/hard\libg_nano.a(libc_a-memcpy-stub.o)
 .debug_frame   0x00004d84       0x90 C:/ST/STM32CubeCLT_1.18.0/GNU-tools-for-STM32/bin/../lib/gcc/arm-none-eabi/13.3.1/../../../../arm-none-eabi/lib/thumb/v7e-m+fp/hard\libg_nano.a(libc_a-nano-svfprintf.o)
 .debug_frame   0x00004e14       0x60 C:/ST/STM32CubeCLT_1.18.0/GNU-tools-for-STM32/bin/../lib/gcc/arm-none-eabi/13.3.1/../../../../arm-none-eabi/lib/thumb/v7e-m+fp/hard\libg_nano.a(libc_a-nano-vfprintf_i.o)
 .debug_frame   0x00004e74       0x3c C:/ST/STM32CubeCLT_1.18.0/GNU-tools-for-STM32/bin/../lib/gcc/arm-none-eabi/13.3.1/../../../../arm-none-eabi/lib/thumb/v7e-m+fp/hard\libg_nano.a(libc_a-reallocr.o)
 .debug_frame   0x00004eb0       0x20 C:/ST/STM32CubeCLT_1.18.0/GNU-tools-for-STM32/bin/../lib/gcc/arm-none-eabi/13.3.1/../../../../arm-none-eabi/lib/thumb/v7e-m+fp/hard\libg_nano.a(libc_a-msizer.o)

.debug_info     0x00000000    0x19408
 .debug_info    0x00000000     0x1554 CMakeFiles/Parking-Sensors.dir/Core/App/Src/main.c.obj
 .debug_info    0x00001554      0x44b CMakeFiles/Parking-Sensors.dir/Core/Peripherals/Gpio/Src/gpio.c.obj
 .debug_info    0x0000199f      0xca2 CMakeFiles/Parking-Sensors.dir/Core/Peripherals/I2c/Src/i2c.c.obj
 .debug_info    0x00002641      0x27e CMakeFiles/Parking-Sensors.dir/Core/Peripherals/SystemClock/Src/systemclock.c.obj
 .debug_info    0x000028bf      0xc7b CMakeFiles/Parking-Sensors.dir/Core/Peripherals/Timer/Src/timer.c.obj
 .debug_info    0x0000353a      0x6ca CMakeFiles/Parking-Sensors.dir/Core/Peripherals/Uart/Src/uart.c.obj
 .debug_info    0x00003c04     0x12e3 CMakeFiles/Parking-Sensors.dir/Core/Ssd1306/Src/ssd1306.c.obj
 .debug_info    0x00004ee7      0x2a4 CMakeFiles/Parking-Sensors.dir/Core/Ssd1306/Src/ssd1306_fonts.c.obj
 .debug_info    0x0000518b      0xe10 CMakeFiles/Parking-Sensors.dir/Core/Hcsr04/Src/hcsr04.c.obj
 .debug_info    0x00005f9b      0x14c CMakeFiles/Parking-Sensors.dir/Core/App/Src/stm32l4xx_it.c.obj
 .debug_info    0x000060e7      0xd21 CMakeFiles/Parking-Sensors.dir/Core/App/Src/stm32l4xx_hal_msp.c.obj
 .debug_info    0x00006e08     0x2a9a CMakeFiles/Parking-Sensors.dir/Drivers/STM32L4xx_HAL_Driver/Src/stm32l4xx_hal_tim.c.obj
 .debug_info    0x000098a2     0x3b69 CMakeFiles/Parking-Sensors.dir/Drivers/STM32L4xx_HAL_Driver/Src/stm32l4xx_hal_uart.c.obj
 .debug_info    0x0000d40b      0xc09 CMakeFiles/Parking-Sensors.dir/Drivers/STM32L4xx_HAL_Driver/Src/stm32l4xx_hal.c.obj
 .debug_info    0x0000e014      0xc14 CMakeFiles/Parking-Sensors.dir/Drivers/STM32L4xx_HAL_Driver/Src/stm32l4xx_hal_rcc.c.obj
 .debug_info    0x0000ec28      0xe11 CMakeFiles/Parking-Sensors.dir/Drivers/STM32L4xx_HAL_Driver/Src/stm32l4xx_hal_rcc_ex.c.obj
 .debug_info    0x0000fa39      0x757 CMakeFiles/Parking-Sensors.dir/Drivers/STM32L4xx_HAL_Driver/Src/stm32l4xx_hal_gpio.c.obj
 .debug_info    0x00010190     0x20d2 CMakeFiles/Parking-Sensors.dir/Drivers/STM32L4xx_HAL_Driver/Src/stm32l4xx_hal_i2c.c.obj
 .debug_info    0x00012262      0x975 CMakeFiles/Parking-Sensors.dir/Drivers/STM32L4xx_HAL_Driver/Src/stm32l4xx_hal_i2c_ex.c.obj
 .debug_info    0x00012bd7      0x99e CMakeFiles/Parking-Sensors.dir/Drivers/STM32L4xx_HAL_Driver/Src/stm32l4xx_hal_pwr_ex.c.obj
 .debug_info    0x00013575      0xd81 CMakeFiles/Parking-Sensors.dir/Drivers/STM32L4xx_HAL_Driver/Src/stm32l4xx_hal_cortex.c.obj
 .debug_info    0x000142f6      0x5b1 CMakeFiles/Parking-Sensors.dir/Core/App/Src/system_stm32l4xx.c.obj
 .debug_info    0x000148a7      0x168 CMakeFiles/Parking-Sensors.dir/Core/App/Src/sysmem.c.obj
 .debug_info    0x00014a0f       0x30 CMakeFiles/Parking-Sensors.dir/Core/Startup/startup_stm32l476xx.s.obj
 .debug_info    0x00014a3f      0x8b9 C:/ST/STM32CubeCLT_1.18.0/GNU-tools-for-STM32/bin/../lib/gcc/arm-none-eabi/13.3.1/../../../../arm-none-eabi/lib/thumb/v7e-m+fp/hard\libg_nano.a(libc_a-snprintf.o)
 .debug_info    0x000152f8      0x885 C:/ST/STM32CubeCLT_1.18.0/GNU-tools-for-STM32/bin/../lib/gcc/arm-none-eabi/13.3.1/../../../../arm-none-eabi/lib/thumb/v7e-m+fp/hard\libg_nano.a(libc_a-sprintf.o)
 .debug_info    0x00015b7d      0x10f C:/ST/STM32CubeCLT_1.18.0/GNU-tools-for-STM32/bin/../lib/gcc/arm-none-eabi/13.3.1/../../../../arm-none-eabi/lib/thumb/v7e-m+fp/hard\libg_nano.a(libc_a-memmove.o)
 .debug_info    0x00015c8c      0x6fb C:/ST/STM32CubeCLT_1.18.0/GNU-tools-for-STM32/bin/../lib/gcc/arm-none-eabi/13.3.1/../../../../arm-none-eabi/lib/thumb/v7e-m+fp/hard\libg_nano.a(libc_a-errno.o)
 .debug_info    0x00016387      0x121 C:/ST/STM32CubeCLT_1.18.0/GNU-tools-for-STM32/bin/../lib/gcc/arm-none-eabi/13.3.1/../../../../arm-none-eabi/lib/thumb/v7e-m+fp/hard\libg_nano.a(libc_a-memcpy-stub.o)
 .debug_info    0x000164a8       0x31 C:/ST/STM32CubeCLT_1.18.0/GNU-tools-for-STM32/bin/../lib/gcc/arm-none-eabi/13.3.1/../../../../arm-none-eabi/lib/thumb/v7e-m+fp/hard\libg_nano.a(libc_a-strlen.o)
 .debug_info    0x000164d9     0x10c7 C:/ST/STM32CubeCLT_1.18.0/GNU-tools-for-STM32/bin/../lib/gcc/arm-none-eabi/13.3.1/../../../../arm-none-eabi/lib/thumb/v7e-m+fp/hard\libg_nano.a(libc_a-nano-svfprintf.o)
 .debug_info    0x000175a0      0xde2 C:/ST/STM32CubeCLT_1.18.0/GNU-tools-for-STM32/bin/../lib/gcc/arm-none-eabi/13.3.1/../../../../arm-none-eabi/lib/thumb/v7e-m+fp/hard\libg_nano.a(libc_a-nano-vfprintf_i.o)
 .debug_info    0x00018382       0x25 C:/ST/STM32CubeCLT_1.18.0/GNU-tools-for-STM32/bin/../lib/gcc/arm-none-eabi/13.3.1/../../../../arm-none-eabi/lib/thumb/v7e-m+fp/hard\libg_nano.a(libc_a-memchr.o)
 .debug_info    0x000183a7      0x8cd C:/ST/STM32CubeCLT_1.18.0/GNU-tools-for-STM32/bin/../lib/gcc/arm-none-eabi/13.3.1/../../../../arm-none-eabi/lib/thumb/v7e-m+fp/hard\libg_nano.a(libc_a-reallocr.o)
 .debug_info    0x00018c74      0x794 C:/ST/STM32CubeCLT_1.18.0/GNU-tools-for-STM32/bin/../lib/gcc/arm-none-eabi/13.3.1/../../../../arm-none-eabi/lib/thumb/v7e-m+fp/hard\libg_nano.a(libc_a-msizer.o)

.debug_abbrev   0x00000000     0x3e0f
 .debug_abbrev  0x00000000      0x359 CMakeFiles/Parking-Sensors.dir/Core/App/Src/main.c.obj
 .debug_abbrev  0x00000359      0x134 CMakeFiles/Parking-Sensors.dir/Core/Peripherals/Gpio/Src/gpio.c.obj
 .debug_abbrev  0x0000048d      0x203 CMakeFiles/Parking-Sensors.dir/Core/Peripherals/I2c/Src/i2c.c.obj
 .debug_abbrev  0x00000690       0xe1 CMakeFiles/Parking-Sensors.dir/Core/Peripherals/SystemClock/Src/systemclock.c.obj
 .debug_abbrev  0x00000771      0x209 CMakeFiles/Parking-Sensors.dir/Core/Peripherals/Timer/Src/timer.c.obj
 .debug_abbrev  0x0000097a      0x144 CMakeFiles/Parking-Sensors.dir/Core/Peripherals/Uart/Src/uart.c.obj
 .debug_abbrev  0x00000abe      0x34b CMakeFiles/Parking-Sensors.dir/Core/Ssd1306/Src/ssd1306.c.obj
 .debug_abbrev  0x00000e09       0xcf CMakeFiles/Parking-Sensors.dir/Core/Ssd1306/Src/ssd1306_fonts.c.obj
 .debug_abbrev  0x00000ed8      0x21e CMakeFiles/Parking-Sensors.dir/Core/Hcsr04/Src/hcsr04.c.obj
 .debug_abbrev  0x000010f6       0xa0 CMakeFiles/Parking-Sensors.dir/Core/App/Src/stm32l4xx_it.c.obj
 .debug_abbrev  0x00001196      0x1d2 CMakeFiles/Parking-Sensors.dir/Core/App/Src/stm32l4xx_hal_msp.c.obj
 .debug_abbrev  0x00001368      0x278 CMakeFiles/Parking-Sensors.dir/Drivers/STM32L4xx_HAL_Driver/Src/stm32l4xx_hal_tim.c.obj
 .debug_abbrev  0x000015e0      0x2d0 CMakeFiles/Parking-Sensors.dir/Drivers/STM32L4xx_HAL_Driver/Src/stm32l4xx_hal_uart.c.obj
 .debug_abbrev  0x000018b0      0x243 CMakeFiles/Parking-Sensors.dir/Drivers/STM32L4xx_HAL_Driver/Src/stm32l4xx_hal.c.obj
 .debug_abbrev  0x00001af3      0x2cb CMakeFiles/Parking-Sensors.dir/Drivers/STM32L4xx_HAL_Driver/Src/stm32l4xx_hal_rcc.c.obj
 .debug_abbrev  0x00001dbe      0x2a6 CMakeFiles/Parking-Sensors.dir/Drivers/STM32L4xx_HAL_Driver/Src/stm32l4xx_hal_rcc_ex.c.obj
 .debug_abbrev  0x00002064      0x1cb CMakeFiles/Parking-Sensors.dir/Drivers/STM32L4xx_HAL_Driver/Src/stm32l4xx_hal_gpio.c.obj
 .debug_abbrev  0x0000222f      0x261 CMakeFiles/Parking-Sensors.dir/Drivers/STM32L4xx_HAL_Driver/Src/stm32l4xx_hal_i2c.c.obj
 .debug_abbrev  0x00002490      0x1c3 CMakeFiles/Parking-Sensors.dir/Drivers/STM32L4xx_HAL_Driver/Src/stm32l4xx_hal_i2c_ex.c.obj
 .debug_abbrev  0x00002653      0x1f9 CMakeFiles/Parking-Sensors.dir/Drivers/STM32L4xx_HAL_Driver/Src/stm32l4xx_hal_pwr_ex.c.obj
 .debug_abbrev  0x0000284c      0x31c CMakeFiles/Parking-Sensors.dir/Drivers/STM32L4xx_HAL_Driver/Src/stm32l4xx_hal_cortex.c.obj
 .debug_abbrev  0x00002b68      0x11a CMakeFiles/Parking-Sensors.dir/Core/App/Src/system_stm32l4xx.c.obj
 .debug_abbrev  0x00002c82       0xbc CMakeFiles/Parking-Sensors.dir/Core/App/Src/sysmem.c.obj
 .debug_abbrev  0x00002d3e       0x24 CMakeFiles/Parking-Sensors.dir/Core/Startup/startup_stm32l476xx.s.obj
 .debug_abbrev  0x00002d62      0x231 C:/ST/STM32CubeCLT_1.18.0/GNU-tools-for-STM32/bin/../lib/gcc/arm-none-eabi/13.3.1/../../../../arm-none-eabi/lib/thumb/v7e-m+fp/hard\libg_nano.a(libc_a-snprintf.o)
 .debug_abbrev  0x00002f93      0x21c C:/ST/STM32CubeCLT_1.18.0/GNU-tools-for-STM32/bin/../lib/gcc/arm-none-eabi/13.3.1/../../../../arm-none-eabi/lib/thumb/v7e-m+fp/hard\libg_nano.a(libc_a-sprintf.o)
 .debug_abbrev  0x000031af       0xac C:/ST/STM32CubeCLT_1.18.0/GNU-tools-for-STM32/bin/../lib/gcc/arm-none-eabi/13.3.1/../../../../arm-none-eabi/lib/thumb/v7e-m+fp/hard\libg_nano.a(libc_a-memmove.o)
 .debug_abbrev  0x0000325b      0x15e C:/ST/STM32CubeCLT_1.18.0/GNU-tools-for-STM32/bin/../lib/gcc/arm-none-eabi/13.3.1/../../../../arm-none-eabi/lib/thumb/v7e-m+fp/hard\libg_nano.a(libc_a-errno.o)
 .debug_abbrev  0x000033b9       0xc1 C:/ST/STM32CubeCLT_1.18.0/GNU-tools-for-STM32/bin/../lib/gcc/arm-none-eabi/13.3.1/../../../../arm-none-eabi/lib/thumb/v7e-m+fp/hard\libg_nano.a(libc_a-memcpy-stub.o)
 .debug_abbrev  0x0000347a       0x28 C:/ST/STM32CubeCLT_1.18.0/GNU-tools-for-STM32/bin/../lib/gcc/arm-none-eabi/13.3.1/../../../../arm-none-eabi/lib/thumb/v7e-m+fp/hard\libg_nano.a(libc_a-strlen.o)
 .debug_abbrev  0x000034a2      0x31e C:/ST/STM32CubeCLT_1.18.0/GNU-tools-for-STM32/bin/../lib/gcc/arm-none-eabi/13.3.1/../../../../arm-none-eabi/lib/thumb/v7e-m+fp/hard\libg_nano.a(libc_a-nano-svfprintf.o)
 .debug_abbrev  0x000037c0      0x28e C:/ST/STM32CubeCLT_1.18.0/GNU-tools-for-STM32/bin/../lib/gcc/arm-none-eabi/13.3.1/../../../../arm-none-eabi/lib/thumb/v7e-m+fp/hard\libg_nano.a(libc_a-nano-vfprintf_i.o)
 .debug_abbrev  0x00003a4e       0x14 C:/ST/STM32CubeCLT_1.18.0/GNU-tools-for-STM32/bin/../lib/gcc/arm-none-eabi/13.3.1/../../../../arm-none-eabi/lib/thumb/v7e-m+fp/hard\libg_nano.a(libc_a-memchr.o)
 .debug_abbrev  0x00003a62      0x217 C:/ST/STM32CubeCLT_1.18.0/GNU-tools-for-STM32/bin/../lib/gcc/arm-none-eabi/13.3.1/../../../../arm-none-eabi/lib/thumb/v7e-m+fp/hard\libg_nano.a(libc_a-reallocr.o)
 .debug_abbrev  0x00003c79      0x196 C:/ST/STM32CubeCLT_1.18.0/GNU-tools-for-STM32/bin/../lib/gcc/arm-none-eabi/13.3.1/../../../../arm-none-eabi/lib/thumb/v7e-m+fp/hard\libg_nano.a(libc_a-msizer.o)

.debug_aranges  0x00000000     0x1348
 .debug_aranges
                0x00000000       0x68 CMakeFiles/Parking-Sensors.dir/Core/App/Src/main.c.obj
 .debug_aranges
                0x00000068       0x20 CMakeFiles/Parking-Sensors.dir/Core/Peripherals/Gpio/Src/gpio.c.obj
 .debug_aranges
                0x00000088       0x30 CMakeFiles/Parking-Sensors.dir/Core/Peripherals/I2c/Src/i2c.c.obj
 .debug_aranges
                0x000000b8       0x20 CMakeFiles/Parking-Sensors.dir/Core/Peripherals/SystemClock/Src/systemclock.c.obj
 .debug_aranges
                0x000000d8       0x38 CMakeFiles/Parking-Sensors.dir/Core/Peripherals/Timer/Src/timer.c.obj
 .debug_aranges
                0x00000110       0x20 CMakeFiles/Parking-Sensors.dir/Core/Peripherals/Uart/Src/uart.c.obj
 .debug_aranges
                0x00000130       0xe8 CMakeFiles/Parking-Sensors.dir/Core/Ssd1306/Src/ssd1306.c.obj
 .debug_aranges
                0x00000218       0x18 CMakeFiles/Parking-Sensors.dir/Core/Ssd1306/Src/ssd1306_fonts.c.obj
 .debug_aranges
                0x00000230       0x38 CMakeFiles/Parking-Sensors.dir/Core/Hcsr04/Src/hcsr04.c.obj
 .debug_aranges
                0x00000268       0x68 CMakeFiles/Parking-Sensors.dir/Core/App/Src/stm32l4xx_it.c.obj
 .debug_aranges
                0x000002d0       0x30 CMakeFiles/Parking-Sensors.dir/Core/App/Src/stm32l4xx_hal_msp.c.obj
 .debug_aranges
                0x00000300      0x3e0 CMakeFiles/Parking-Sensors.dir/Drivers/STM32L4xx_HAL_Driver/Src/stm32l4xx_hal_tim.c.obj
 .debug_aranges
                0x000006e0      0x228 CMakeFiles/Parking-Sensors.dir/Drivers/STM32L4xx_HAL_Driver/Src/stm32l4xx_hal_uart.c.obj
 .debug_aranges
                0x00000908      0x130 CMakeFiles/Parking-Sensors.dir/Drivers/STM32L4xx_HAL_Driver/Src/stm32l4xx_hal.c.obj
 .debug_aranges
                0x00000a38       0x90 CMakeFiles/Parking-Sensors.dir/Drivers/STM32L4xx_HAL_Driver/Src/stm32l4xx_hal_rcc.c.obj
 .debug_aranges
                0x00000ac8       0xc0 CMakeFiles/Parking-Sensors.dir/Drivers/STM32L4xx_HAL_Driver/Src/stm32l4xx_hal_rcc_ex.c.obj
 .debug_aranges
                0x00000b88       0x58 CMakeFiles/Parking-Sensors.dir/Drivers/STM32L4xx_HAL_Driver/Src/stm32l4xx_hal_gpio.c.obj
 .debug_aranges
                0x00000be0      0x2a0 CMakeFiles/Parking-Sensors.dir/Drivers/STM32L4xx_HAL_Driver/Src/stm32l4xx_hal_i2c.c.obj
 .debug_aranges
                0x00000e80       0x48 CMakeFiles/Parking-Sensors.dir/Drivers/STM32L4xx_HAL_Driver/Src/stm32l4xx_hal_i2c_ex.c.obj
 .debug_aranges
                0x00000ec8      0x160 CMakeFiles/Parking-Sensors.dir/Drivers/STM32L4xx_HAL_Driver/Src/stm32l4xx_hal_pwr_ex.c.obj
 .debug_aranges
                0x00001028      0x128 CMakeFiles/Parking-Sensors.dir/Drivers/STM32L4xx_HAL_Driver/Src/stm32l4xx_hal_cortex.c.obj
 .debug_aranges
                0x00001150       0x28 CMakeFiles/Parking-Sensors.dir/Core/App/Src/system_stm32l4xx.c.obj
 .debug_aranges
                0x00001178       0x20 CMakeFiles/Parking-Sensors.dir/Core/App/Src/sysmem.c.obj
 .debug_aranges
                0x00001198       0x28 CMakeFiles/Parking-Sensors.dir/Core/Startup/startup_stm32l476xx.s.obj
 .debug_aranges
                0x000011c0       0x28 C:/ST/STM32CubeCLT_1.18.0/GNU-tools-for-STM32/bin/../lib/gcc/arm-none-eabi/13.3.1/../../../../arm-none-eabi/lib/thumb/v7e-m+fp/hard\libg_nano.a(libc_a-snprintf.o)
 .debug_aranges
                0x000011e8       0x28 C:/ST/STM32CubeCLT_1.18.0/GNU-tools-for-STM32/bin/../lib/gcc/arm-none-eabi/13.3.1/../../../../arm-none-eabi/lib/thumb/v7e-m+fp/hard\libg_nano.a(libc_a-sprintf.o)
 .debug_aranges
                0x00001210       0x20 C:/ST/STM32CubeCLT_1.18.0/GNU-tools-for-STM32/bin/../lib/gcc/arm-none-eabi/13.3.1/../../../../arm-none-eabi/lib/thumb/v7e-m+fp/hard\libg_nano.a(libc_a-memmove.o)
 .debug_aranges
                0x00001230       0x20 C:/ST/STM32CubeCLT_1.18.0/GNU-tools-for-STM32/bin/../lib/gcc/arm-none-eabi/13.3.1/../../../../arm-none-eabi/lib/thumb/v7e-m+fp/hard\libg_nano.a(libc_a-errno.o)
 .debug_aranges
                0x00001250       0x20 C:/ST/STM32CubeCLT_1.18.0/GNU-tools-for-STM32/bin/../lib/gcc/arm-none-eabi/13.3.1/../../../../arm-none-eabi/lib/thumb/v7e-m+fp/hard\libg_nano.a(libc_a-memcpy-stub.o)
 .debug_aranges
                0x00001270       0x20 C:/ST/STM32CubeCLT_1.18.0/GNU-tools-for-STM32/bin/../lib/gcc/arm-none-eabi/13.3.1/../../../../arm-none-eabi/lib/thumb/v7e-m+fp/hard\libg_nano.a(libc_a-strlen.o)
 .debug_aranges
                0x00001290       0x30 C:/ST/STM32CubeCLT_1.18.0/GNU-tools-for-STM32/bin/../lib/gcc/arm-none-eabi/13.3.1/../../../../arm-none-eabi/lib/thumb/v7e-m+fp/hard\libg_nano.a(libc_a-nano-svfprintf.o)
 .debug_aranges
                0x000012c0       0x28 C:/ST/STM32CubeCLT_1.18.0/GNU-tools-for-STM32/bin/../lib/gcc/arm-none-eabi/13.3.1/../../../../arm-none-eabi/lib/thumb/v7e-m+fp/hard\libg_nano.a(libc_a-nano-vfprintf_i.o)
 .debug_aranges
                0x000012e8       0x20 C:/ST/STM32CubeCLT_1.18.0/GNU-tools-for-STM32/bin/../lib/gcc/arm-none-eabi/13.3.1/../../../../arm-none-eabi/lib/thumb/v7e-m+fp/hard\libg_nano.a(libc_a-memchr.o)
 .debug_aranges
                0x00001308       0x20 C:/ST/STM32CubeCLT_1.18.0/GNU-tools-for-STM32/bin/../lib/gcc/arm-none-eabi/13.3.1/../../../../arm-none-eabi/lib/thumb/v7e-m+fp/hard\libg_nano.a(libc_a-reallocr.o)
 .debug_aranges
                0x00001328       0x20 C:/ST/STM32CubeCLT_1.18.0/GNU-tools-for-STM32/bin/../lib/gcc/arm-none-eabi/13.3.1/../../../../arm-none-eabi/lib/thumb/v7e-m+fp/hard\libg_nano.a(libc_a-msizer.o)

.debug_rnglists
                0x00000000      0xefa
 .debug_rnglists
                0x00000000       0x4f CMakeFiles/Parking-Sensors.dir/Core/App/Src/main.c.obj
 .debug_rnglists
                0x0000004f       0x14 CMakeFiles/Parking-Sensors.dir/Core/Peripherals/Gpio/Src/gpio.c.obj
 .debug_rnglists
                0x00000063       0x21 CMakeFiles/Parking-Sensors.dir/Core/Peripherals/I2c/Src/i2c.c.obj
 .debug_rnglists
                0x00000084       0x14 CMakeFiles/Parking-Sensors.dir/Core/Peripherals/SystemClock/Src/systemclock.c.obj
 .debug_rnglists
                0x00000098       0x27 CMakeFiles/Parking-Sensors.dir/Core/Peripherals/Timer/Src/timer.c.obj
 .debug_rnglists
                0x000000bf       0x13 CMakeFiles/Parking-Sensors.dir/Core/Peripherals/Uart/Src/uart.c.obj
 .debug_rnglists
                0x000000d2       0xb4 CMakeFiles/Parking-Sensors.dir/Core/Ssd1306/Src/ssd1306.c.obj
 .debug_rnglists
                0x00000186       0x27 CMakeFiles/Parking-Sensors.dir/Core/Hcsr04/Src/hcsr04.c.obj
 .debug_rnglists
                0x000001ad       0x49 CMakeFiles/Parking-Sensors.dir/Core/App/Src/stm32l4xx_it.c.obj
 .debug_rnglists
                0x000001f6       0x20 CMakeFiles/Parking-Sensors.dir/Core/App/Src/stm32l4xx_hal_msp.c.obj
 .debug_rnglists
                0x00000216      0x328 CMakeFiles/Parking-Sensors.dir/Drivers/STM32L4xx_HAL_Driver/Src/stm32l4xx_hal_tim.c.obj
 .debug_rnglists
                0x0000053e      0x1db CMakeFiles/Parking-Sensors.dir/Drivers/STM32L4xx_HAL_Driver/Src/stm32l4xx_hal_uart.c.obj
 .debug_rnglists
                0x00000719       0xdf CMakeFiles/Parking-Sensors.dir/Drivers/STM32L4xx_HAL_Driver/Src/stm32l4xx_hal.c.obj
 .debug_rnglists
                0x000007f8       0x6d CMakeFiles/Parking-Sensors.dir/Drivers/STM32L4xx_HAL_Driver/Src/stm32l4xx_hal_rcc.c.obj
 .debug_rnglists
                0x00000865       0x95 CMakeFiles/Parking-Sensors.dir/Drivers/STM32L4xx_HAL_Driver/Src/stm32l4xx_hal_rcc_ex.c.obj
 .debug_rnglists
                0x000008fa       0x3f CMakeFiles/Parking-Sensors.dir/Drivers/STM32L4xx_HAL_Driver/Src/stm32l4xx_hal_gpio.c.obj
 .debug_rnglists
                0x00000939      0x228 CMakeFiles/Parking-Sensors.dir/Drivers/STM32L4xx_HAL_Driver/Src/stm32l4xx_hal_i2c.c.obj
 .debug_rnglists
                0x00000b61       0x35 CMakeFiles/Parking-Sensors.dir/Drivers/STM32L4xx_HAL_Driver/Src/stm32l4xx_hal_i2c_ex.c.obj
 .debug_rnglists
                0x00000b96      0x109 CMakeFiles/Parking-Sensors.dir/Drivers/STM32L4xx_HAL_Driver/Src/stm32l4xx_hal_pwr_ex.c.obj
 .debug_rnglists
                0x00000c9f       0xda CMakeFiles/Parking-Sensors.dir/Drivers/STM32L4xx_HAL_Driver/Src/stm32l4xx_hal_cortex.c.obj
 .debug_rnglists
                0x00000d79       0x1a CMakeFiles/Parking-Sensors.dir/Core/App/Src/system_stm32l4xx.c.obj
 .debug_rnglists
                0x00000d93       0x13 CMakeFiles/Parking-Sensors.dir/Core/App/Src/sysmem.c.obj
 .debug_rnglists
                0x00000da6       0x19 CMakeFiles/Parking-Sensors.dir/Core/Startup/startup_stm32l476xx.s.obj
 .debug_rnglists
                0x00000dbf       0x19 C:/ST/STM32CubeCLT_1.18.0/GNU-tools-for-STM32/bin/../lib/gcc/arm-none-eabi/13.3.1/../../../../arm-none-eabi/lib/thumb/v7e-m+fp/hard\libg_nano.a(libc_a-snprintf.o)
 .debug_rnglists
                0x00000dd8       0x19 C:/ST/STM32CubeCLT_1.18.0/GNU-tools-for-STM32/bin/../lib/gcc/arm-none-eabi/13.3.1/../../../../arm-none-eabi/lib/thumb/v7e-m+fp/hard\libg_nano.a(libc_a-sprintf.o)
 .debug_rnglists
                0x00000df1       0x13 C:/ST/STM32CubeCLT_1.18.0/GNU-tools-for-STM32/bin/../lib/gcc/arm-none-eabi/13.3.1/../../../../arm-none-eabi/lib/thumb/v7e-m+fp/hard\libg_nano.a(libc_a-memmove.o)
 .debug_rnglists
                0x00000e04       0x13 C:/ST/STM32CubeCLT_1.18.0/GNU-tools-for-STM32/bin/../lib/gcc/arm-none-eabi/13.3.1/../../../../arm-none-eabi/lib/thumb/v7e-m+fp/hard\libg_nano.a(libc_a-errno.o)
 .debug_rnglists
                0x00000e17       0x13 C:/ST/STM32CubeCLT_1.18.0/GNU-tools-for-STM32/bin/../lib/gcc/arm-none-eabi/13.3.1/../../../../arm-none-eabi/lib/thumb/v7e-m+fp/hard\libg_nano.a(libc_a-memcpy-stub.o)
 .debug_rnglists
                0x00000e2a       0x44 C:/ST/STM32CubeCLT_1.18.0/GNU-tools-for-STM32/bin/../lib/gcc/arm-none-eabi/13.3.1/../../../../arm-none-eabi/lib/thumb/v7e-m+fp/hard\libg_nano.a(libc_a-nano-svfprintf.o)
 .debug_rnglists
                0x00000e6e       0x66 C:/ST/STM32CubeCLT_1.18.0/GNU-tools-for-STM32/bin/../lib/gcc/arm-none-eabi/13.3.1/../../../../arm-none-eabi/lib/thumb/v7e-m+fp/hard\libg_nano.a(libc_a-nano-vfprintf_i.o)
 .debug_rnglists
                0x00000ed4       0x13 C:/ST/STM32CubeCLT_1.18.0/GNU-tools-for-STM32/bin/../lib/gcc/arm-none-eabi/13.3.1/../../../../arm-none-eabi/lib/thumb/v7e-m+fp/hard\libg_nano.a(libc_a-reallocr.o)
 .debug_rnglists
                0x00000ee7       0x13 C:/ST/STM32CubeCLT_1.18.0/GNU-tools-for-STM32/bin/../lib/gcc/arm-none-eabi/13.3.1/../../../../arm-none-eabi/lib/thumb/v7e-m+fp/hard\libg_nano.a(libc_a-msizer.o)
